[www.sobczak.com.pl/index.html]
[backblue.gif]
[fade.gif]
[index.html]
[www.sobczak.com.pl/img/sobczak.ico]
[www.sobczak.com.pl/dist/main.12710703cc1e0f13605d.css]
[www.sobczak.com.pl/img/s-only.png]
[www.sobczak.com.pl/o-nas.html]
[www.sobczak.com.pl/realizacje.html]
[www.sobczak.com.pl/schody.html]
[www.sobczak.com.pl/blog.html]
[www.sobczak.com.pl/kontakt.html]
[www.sobczak.com.pl/img/Poland.png]
[www.sobczak.com.pl/img/United_Kingdom.png]
[www.sobczak.com.pl/img/mainslider07.jpg]
[www.sobczak.com.pl/img/mainslider03.jpg]
[www.sobczak.com.pl/img/mainslider04.jpg]
[www.sobczak.com.pl/img/mainslider01.jpg]
[www.sobczak.com.pl/img/mainslider09.jpg]
[www.sobczak.com.pl/img/mainslider10.jpg]
[www.sobczak.com.pl/img/mainslider11.jpg]
[www.sobczak.com.pl/img/mainslider12.jpg]
[www.sobczak.com.pl/img/mainslider02.jpg]
[www.sobczak.com.pl/img/mainslider06.jpg]
[www.sobczak.com.pl/img/mainslider05.jpg]
[www.sobczak.com.pl/img/logo-sobczak2.png]
[www.sobczak.com.pl/img/set01.jpg]
[www.sobczak.com.pl/img/set02.jpg]
[www.sobczak.com.pl/img/set03.jpg]
[www.sobczak.com.pl/img/set04.jpg]
[www.sobczak.com.pl/img/firma01.png]
[www.sobczak.com.pl/img/firma02.png]
[www.sobczak.com.pl/img/firma03.png]
[www.google-analytics.com/analytics.js]
[www.sobczak.com.pl/resources/vendor/js/jquery-2.1.4.min.js]
[www.sobczak.com.pl/resources/vendor/js/bootstrap.min.js]
[www.sobczak.com.pl/resources/js/languages.js]
[www.sobczak.com.pl/dist/main.80d8b6ffc9e1cbe5dfa7.js]
[www.sobczak.com.pl/resources/js/responsive-slider429f.js]
[www.sobczak.com.pl/resources/js/responsive-fader429f.js]
[www.sobczak.com.pl/index.html]
[www.sobczak.com.pl/dist/glyphicons-halflings-regular.eot]
[www.sobczak.com.pl/dist/glyphicons-halflings-regulard41d.eot]
[www.sobczak.com.pl/dist/glyphicons-halflings-regular.woff2]
[www.sobczak.com.pl/dist/glyphicons-halflings-regular.woff]
[www.sobczak.com.pl/dist/glyphicons-halflings-regular.ttf]
[www.sobczak.com.pl/dist/fontawesome-webfont.eot]
[www.sobczak.com.pl/dist/fontawesome-webfontd41d.eot]
[www.sobczak.com.pl/dist/fontawesome-webfont.woff2]
[www.sobczak.com.pl/dist/fontawesome-webfont.woff]
[www.sobczak.com.pl/dist/fontawesome-webfont.ttf]
[www.sobczak.com.pl/dist/img/gradient-seamless_paper_texture.fe907bfd9ac7ca36ab2630ced5324af6.png]
[www.sobczak.com.pl/dist/img/mapa2.c7b27d6edc50c1d304977076e299d78f.jpg]
[www.sobczak.com.pl/dist/img/about/02.9d65a13e79c1c5a63491b05960574c3c.jpg]
[www.sobczak.com.pl/dist/img/about/03.477dda20cc6b55a9f5a29c4084635ed6.jpg]
[www.sobczak.com.pl/dist/img/about/01.b1b900e442a63924debd1921dbc0a39b.jpg]
[www.sobczak.com.pl/dist/img/background-tree.4c8eadcb4a227687d8cecee69364d09b.jpg]
[www.sobczak.com.pl/dist/main.12710703cc1e0f13605d.css]
[www.sobczak.com.pl/img/produkcja01.jpg]
[www.sobczak.com.pl/img/produkcja02.jpg]
[www.sobczak.com.pl/img/produkcja03.jpg]
[www.sobczak.com.pl/img/produkcja04.jpg]
[www.sobczak.com.pl/img/produkcja05.jpg]
[www.sobczak.com.pl/img/produkcja06.jpg]
[www.sobczak.com.pl/img/produkcja07.jpg]
[www.sobczak.com.pl/img/produkcja08.jpg]
[www.sobczak.com.pl/img/drawing-location.png]
[www.sobczak.com.pl/img/drawing-project.png]
[www.sobczak.com.pl/img/drawing-success.png]
[www.sobczak.com.pl/img/Germany.png]
[www.sobczak.com.pl/img/Denmark.png]
[www.sobczak.com.pl/o-nas.html]
[www.sobczak.com.pl/realizacje/schody-na-beton.html]
[www.sobczak.com.pl/img/beton-mini.jpg]
[www.sobczak.com.pl/realizacje/schody-samonosne.html]
[www.sobczak.com.pl/img/samonosne-mini.jpg]
[www.sobczak.com.pl/realizacje/podlogi.html]
[www.sobczak.com.pl/img/podlogi-mini.jpg]
[www.sobczak.com.pl/realizacje.html]
[www.sobczak.com.pl/img/offer-nabeton-01.jpg]
[www.sobczak.com.pl/img/offer-nabeton-02.jpg]
[www.sobczak.com.pl/img/offer-samonos-01.jpg]
[www.sobczak.com.pl/img/offer-samonos-02.jpg]
[www.sobczak.com.pl/img/offer-samonos-03.jpg]
[www.sobczak.com.pl/img/offer-samonos-04.jpg]
[www.sobczak.com.pl/img/offer-samonos-05.jpg]
[www.sobczak.com.pl/img/offer-samonos-06.jpg]
[www.sobczak.com.pl/img/offer-dodatki-01.jpg]
[www.sobczak.com.pl/img/offer-dodatki-02.jpg]
[www.sobczak.com.pl/img/offer-ksztalt-listwy-01.jpg]
[www.sobczak.com.pl/img/offer-ksztalt-listwy-02.jpg]
[www.sobczak.com.pl/schody.html]
[www.sobczak.com.pl/img/blog/001-wpis.jpg]
[www.sobczak.com.pl/blog.html]
[www.sobczak.com.pl/jakie-wybrac-schody-do-salonu.html]
[www.sobczak.com.pl/js/scripts-maps.js]
[www.sobczak.com.pl/kontakt.html]
[www.sobczak.com.pl/dist/resources/vendor/css/bootstrap/fonts/glyphicons-halflings-regular.8d75586254ef62e5f5e66997a87f81ec.svg]
[www.sobczak.com.pl/dist/resources/vendor/css/font-awesome/fonts/fontawesome-webfont.ae459b0c49413afa6044276b2c171197.svg]
[www.sobczak.com.pl/realizacje/schody-na-beton,1.html]
[www.sobczak.com.pl/realizacje/schody-na-beton,2.html]
[www.sobczak.com.pl/realizacje/schody-na-beton,2']
[www.sobczak.com.pl/galeria/schody-na-beton/17b.html]
[www.sobczak.com.pl/img/realizacje/na_beton/17b/primary-thumb.jpg]
[www.sobczak.com.pl/img/magnify.png]
[www.sobczak.com.pl/galeria/schody-na-beton/16b.html]
[www.sobczak.com.pl/img/realizacje/na_beton/16b/primary-thumb.jpg]
[www.sobczak.com.pl/galeria/schody-na-beton/15b.html]
[www.sobczak.com.pl/img/realizacje/na_beton/15b/primary-thumb.jpg]
[www.sobczak.com.pl/galeria/schody-na-beton/14b.html]
[www.sobczak.com.pl/img/realizacje/na_beton/14b/primary-thumb.jpg]
[www.sobczak.com.pl/galeria/schody-na-beton/13b.html]
[www.sobczak.com.pl/img/realizacje/na_beton/13b/primary-thumb.jpg]
[www.sobczak.com.pl/galeria/schody-na-beton/12b.html]
[www.sobczak.com.pl/img/realizacje/na_beton/12b/primary-thumb.jpg]
[www.sobczak.com.pl/galeria/schody-na-beton/11b.html]
[www.sobczak.com.pl/img/realizacje/na_beton/11b/primary-thumb.jpg]
[www.sobczak.com.pl/galeria/schody-na-beton/10b.html]
[www.sobczak.com.pl/img/realizacje/na_beton/10b/primary-thumb.jpg]
[www.sobczak.com.pl/galeria/schody-na-beton/09b.html]
[www.sobczak.com.pl/img/realizacje/na_beton/09b/primary-thumb.jpg]
[www.sobczak.com.pl/realizacje/schody-na-beton.html]
[www.sobczak.com.pl/realizacje/schody-samonosne,1.html]
[www.sobczak.com.pl/realizacje/schody-samonosne,2.html]
[www.sobczak.com.pl/realizacje/schody-samonosne,3.html]
[www.sobczak.com.pl/realizacje/schody-samonosne,2']
[www.sobczak.com.pl/galeria/schody-samonosne/25s.html]
[www.sobczak.com.pl/img/realizacje/samonosne/25s/primary-thumb.jpg]
[www.sobczak.com.pl/galeria/schody-samonosne/24s.html]
[www.sobczak.com.pl/img/realizacje/samonosne/24s/primary-thumb.jpg]
[www.sobczak.com.pl/galeria/schody-samonosne/23s.html]
[www.sobczak.com.pl/img/realizacje/samonosne/23s/primary-thumb.jpg]
[www.sobczak.com.pl/galeria/schody-samonosne/22s.html]
[www.sobczak.com.pl/img/realizacje/samonosne/22s/primary-thumb.jpg]
[www.sobczak.com.pl/galeria/schody-samonosne/21s.html]
[www.sobczak.com.pl/img/realizacje/samonosne/21s/primary-thumb.jpg]
[www.sobczak.com.pl/galeria/schody-samonosne/20s.html]
[www.sobczak.com.pl/img/realizacje/samonosne/20s/primary-thumb.jpg]
[www.sobczak.com.pl/galeria/schody-samonosne/19s.html]
[www.sobczak.com.pl/img/realizacje/samonosne/19s/primary-thumb.jpg]
[www.sobczak.com.pl/galeria/schody-samonosne/18s.html]
[www.sobczak.com.pl/img/realizacje/samonosne/18s/primary-thumb.jpg]
[www.sobczak.com.pl/galeria/schody-samonosne/17s.html]
[www.sobczak.com.pl/img/realizacje/samonosne/17s/primary-thumb.jpg]
[www.sobczak.com.pl/realizacje/schody-samonosne.html]
[www.sobczak.com.pl/realizacje/podlogi,1.html]
[www.sobczak.com.pl/galeria/podlogi/01p.html]
[www.sobczak.com.pl/img/realizacje/podlogi/01p/primary-thumb.jpg]
[www.sobczak.com.pl/realizacje/podlogi.html]
[www.sobczak.com.pl/img/blog/001-wpis_.jpg]
[www.sobczak.com.pl/jakie-wybrac-schody-do-salonu.html]
[www.sobczak.com.pl/realizacje/schody-na-beton,1.html]
[www.sobczak.com.pl/realizacje/schody-na-beton,2.html]
[www.sobczak.com.pl/realizacje/schody-na-beton,2'.html]
[www.sobczak.com.pl/galeria/schody-na-beton/01b.html]
[www.sobczak.com.pl/galeria/schody-na-beton/02b.html]
[www.sobczak.com.pl/galeria/schody-na-beton/03b.html]
[www.sobczak.com.pl/galeria/schody-na-beton/04b.html]
[www.sobczak.com.pl/galeria/schody-na-beton/05b.html]
[www.sobczak.com.pl/galeria/schody-na-beton/06b.html]
[www.sobczak.com.pl/galeria/schody-na-beton/07b.html]
[www.sobczak.com.pl/galeria/schody-na-beton/08b.html]
[www.sobczak.com.pl/galeria/schody-samonosne/01s.html]
[www.sobczak.com.pl/galeria/schody-samonosne/02s.html]
[www.sobczak.com.pl/galeria/schody-samonosne/03s.html]
[www.sobczak.com.pl/galeria/schody-samonosne/04s.html]
[www.sobczak.com.pl/galeria/schody-samonosne/05s.html]
[www.sobczak.com.pl/galeria/schody-samonosne/06s.html]
[www.sobczak.com.pl/galeria/schody-samonosne/07s.html]
[www.sobczak.com.pl/galeria/schody-samonosne/08s.html]
[www.sobczak.com.pl/galeria/schody-samonosne/09s.html]
[www.sobczak.com.pl/galeria/schody-samonosne/10s.html]
[www.sobczak.com.pl/galeria/schody-samonosne/11s.html]
[www.sobczak.com.pl/galeria/schody-samonosne/12s.html]
[www.sobczak.com.pl/galeria/schody-samonosne/13s.html]
[www.sobczak.com.pl/galeria/schody-samonosne/14s.html]
[www.sobczak.com.pl/galeria/schody-samonosne/15s.html]
[www.sobczak.com.pl/galeria/schody-samonosne/16s.html]
[www.sobczak.com.pl/img/realizacje/na_beton/17b/IMG_8665.jpg]
[www.sobczak.com.pl/img/realizacje/na_beton/17b/thumbnails/IMG_8665.jpg]
[www.sobczak.com.pl/img/realizacje/na_beton/17b/IMG_8667.jpg]
[www.sobczak.com.pl/img/realizacje/na_beton/17b/thumbnails/IMG_8667.jpg]
[www.sobczak.com.pl/img/realizacje/na_beton/17b/IMG_8669.jpg]
[www.sobczak.com.pl/img/realizacje/na_beton/17b/thumbnails/IMG_8669.jpg]
[www.sobczak.com.pl/img/realizacje/na_beton/17b/IMG_8671.jpg]
[www.sobczak.com.pl/img/realizacje/na_beton/17b/thumbnails/IMG_8671.jpg]
[www.sobczak.com.pl/img/realizacje/na_beton/17b/IMG_8673.jpg]
[www.sobczak.com.pl/img/realizacje/na_beton/17b/thumbnails/IMG_8673.jpg]
[www.sobczak.com.pl/img/realizacje/na_beton/17b/IMG_8674.jpg]
[www.sobczak.com.pl/img/realizacje/na_beton/17b/thumbnails/IMG_8674.jpg]
[www.sobczak.com.pl/img/realizacje/na_beton/17b/IMG_8675.jpg]
[www.sobczak.com.pl/img/realizacje/na_beton/17b/thumbnails/IMG_8675.jpg]
[www.sobczak.com.pl/img/realizacje/na_beton/17b/IMG_8676.jpg]
[www.sobczak.com.pl/img/realizacje/na_beton/17b/thumbnails/IMG_8676.jpg]
[www.sobczak.com.pl/img/realizacje/na_beton/17b/IMG_8677.jpg]
[www.sobczak.com.pl/img/realizacje/na_beton/17b/thumbnails/IMG_8677.jpg]
[www.sobczak.com.pl/img/realizacje/na_beton/17b/IMG_8679.jpg]
[www.sobczak.com.pl/img/realizacje/na_beton/17b/thumbnails/IMG_8679.jpg]
[www.sobczak.com.pl/img/realizacje/na_beton/17b/IMG_8680.jpg]
[www.sobczak.com.pl/img/realizacje/na_beton/17b/thumbnails/IMG_8680.jpg]
[www.sobczak.com.pl/img/realizacje/na_beton/17b/IMG_8681.jpg]
[www.sobczak.com.pl/img/realizacje/na_beton/17b/thumbnails/IMG_8681.jpg]
[www.sobczak.com.pl/img/realizacje/na_beton/17b/IMG_8682.jpg]
[www.sobczak.com.pl/img/realizacje/na_beton/17b/thumbnails/IMG_8682.jpg]
[www.sobczak.com.pl/img/realizacje/na_beton/17b/IMG_8684.jpg]
[www.sobczak.com.pl/img/realizacje/na_beton/17b/thumbnails/IMG_8684.jpg]
[www.sobczak.com.pl/resources/vendor/js/simple-lightbox.min.js]
[www.sobczak.com.pl/galeria/schody-na-beton/17b.html]
[www.sobczak.com.pl/img/realizacje/na_beton/16b/IMG_8580.jpg]
[www.sobczak.com.pl/img/realizacje/na_beton/16b/thumbnails/IMG_8580.jpg]
[www.sobczak.com.pl/img/realizacje/na_beton/16b/IMG_8582.jpg]
[www.sobczak.com.pl/img/realizacje/na_beton/16b/thumbnails/IMG_8582.jpg]
[www.sobczak.com.pl/img/realizacje/na_beton/16b/IMG_8584.jpg]
[www.sobczak.com.pl/img/realizacje/na_beton/16b/thumbnails/IMG_8584.jpg]
[www.sobczak.com.pl/img/realizacje/na_beton/16b/IMG_8586.jpg]
[www.sobczak.com.pl/img/realizacje/na_beton/16b/thumbnails/IMG_8586.jpg]
[www.sobczak.com.pl/img/realizacje/na_beton/16b/IMG_8590.jpg]
[www.sobczak.com.pl/img/realizacje/na_beton/16b/thumbnails/IMG_8590.jpg]
[www.sobczak.com.pl/img/realizacje/na_beton/16b/IMG_8592.jpg]
[www.sobczak.com.pl/img/realizacje/na_beton/16b/thumbnails/IMG_8592.jpg]
[www.sobczak.com.pl/img/realizacje/na_beton/16b/IMG_8594.jpg]
[www.sobczak.com.pl/img/realizacje/na_beton/16b/thumbnails/IMG_8594.jpg]
[www.sobczak.com.pl/img/realizacje/na_beton/16b/IMG_8596.jpg]
[www.sobczak.com.pl/img/realizacje/na_beton/16b/thumbnails/IMG_8596.jpg]
[www.sobczak.com.pl/img/realizacje/na_beton/16b/IMG_8598.jpg]
[www.sobczak.com.pl/img/realizacje/na_beton/16b/thumbnails/IMG_8598.jpg]
[www.sobczak.com.pl/galeria/schody-na-beton/16b.html]
[www.sobczak.com.pl/img/realizacje/na_beton/15b/1.jpg]
[www.sobczak.com.pl/img/realizacje/na_beton/15b/thumbnails/1.jpg]
[www.sobczak.com.pl/img/realizacje/na_beton/15b/2.jpg]
[www.sobczak.com.pl/img/realizacje/na_beton/15b/thumbnails/2.jpg]
[www.sobczak.com.pl/img/realizacje/na_beton/15b/3.jpg]
[www.sobczak.com.pl/img/realizacje/na_beton/15b/thumbnails/3.jpg]
[www.sobczak.com.pl/img/realizacje/na_beton/15b/4.jpg]
[www.sobczak.com.pl/img/realizacje/na_beton/15b/thumbnails/4.jpg]
[www.sobczak.com.pl/img/realizacje/na_beton/15b/5.jpg]
[www.sobczak.com.pl/img/realizacje/na_beton/15b/thumbnails/5.jpg]
[www.sobczak.com.pl/img/realizacje/na_beton/15b/6.jpg]
[www.sobczak.com.pl/img/realizacje/na_beton/15b/thumbnails/6.jpg]
[www.sobczak.com.pl/galeria/schody-na-beton/15b.html]
[www.sobczak.com.pl/img/realizacje/na_beton/14b/IMG_7208.jpg]
[www.sobczak.com.pl/img/realizacje/na_beton/14b/thumbnails/IMG_7208.jpg]
[www.sobczak.com.pl/img/realizacje/na_beton/14b/IMG_7209.jpg]
[www.sobczak.com.pl/img/realizacje/na_beton/14b/thumbnails/IMG_7209.jpg]
[www.sobczak.com.pl/img/realizacje/na_beton/14b/IMG_7210.jpg]
[www.sobczak.com.pl/img/realizacje/na_beton/14b/thumbnails/IMG_7210.jpg]
[www.sobczak.com.pl/img/realizacje/na_beton/14b/IMG_7219.jpg]
[www.sobczak.com.pl/img/realizacje/na_beton/14b/thumbnails/IMG_7219.jpg]
[www.sobczak.com.pl/img/realizacje/na_beton/14b/IMG_7220.jpg]
[www.sobczak.com.pl/img/realizacje/na_beton/14b/thumbnails/IMG_7220.jpg]
[www.sobczak.com.pl/img/realizacje/na_beton/14b/IMG_7221.jpg]
[www.sobczak.com.pl/img/realizacje/na_beton/14b/thumbnails/IMG_7221.jpg]
[www.sobczak.com.pl/img/realizacje/na_beton/14b/IMG_7222.jpg]
[www.sobczak.com.pl/img/realizacje/na_beton/14b/thumbnails/IMG_7222.jpg]
[www.sobczak.com.pl/img/realizacje/na_beton/14b/IMG_7224.jpg]
[www.sobczak.com.pl/img/realizacje/na_beton/14b/thumbnails/IMG_7224.jpg]
[www.sobczak.com.pl/img/realizacje/na_beton/14b/IMG_7225.jpg]
[www.sobczak.com.pl/img/realizacje/na_beton/14b/thumbnails/IMG_7225.jpg]
[www.sobczak.com.pl/img/realizacje/na_beton/14b/IMG_7226.jpg]
[www.sobczak.com.pl/img/realizacje/na_beton/14b/thumbnails/IMG_7226.jpg]
[www.sobczak.com.pl/img/realizacje/na_beton/14b/IMG_7227.jpg]
[www.sobczak.com.pl/img/realizacje/na_beton/14b/thumbnails/IMG_7227.jpg]
[www.sobczak.com.pl/img/realizacje/na_beton/14b/IMG_7230.jpg]
[www.sobczak.com.pl/img/realizacje/na_beton/14b/thumbnails/IMG_7230.jpg]
[www.sobczak.com.pl/img/realizacje/na_beton/14b/IMG_7231.jpg]
[www.sobczak.com.pl/img/realizacje/na_beton/14b/thumbnails/IMG_7231.jpg]
[www.sobczak.com.pl/img/realizacje/na_beton/14b/IMG_7232.jpg]
[www.sobczak.com.pl/img/realizacje/na_beton/14b/thumbnails/IMG_7232.jpg]
[www.sobczak.com.pl/img/realizacje/na_beton/14b/IMG_7233.jpg]
[www.sobczak.com.pl/img/realizacje/na_beton/14b/thumbnails/IMG_7233.jpg]
[www.sobczak.com.pl/galeria/schody-na-beton/14b.html]
[www.sobczak.com.pl/img/realizacje/na_beton/13b/IMG_5331.jpg]
[www.sobczak.com.pl/img/realizacje/na_beton/13b/thumbnails/IMG_5331.jpg]
[www.sobczak.com.pl/img/realizacje/na_beton/13b/IMG_5332.jpg]
[www.sobczak.com.pl/img/realizacje/na_beton/13b/thumbnails/IMG_5332.jpg]
[www.sobczak.com.pl/img/realizacje/na_beton/13b/IMG_5333.jpg]
[www.sobczak.com.pl/img/realizacje/na_beton/13b/thumbnails/IMG_5333.jpg]
[www.sobczak.com.pl/img/realizacje/na_beton/13b/IMG_5335.jpg]
[www.sobczak.com.pl/img/realizacje/na_beton/13b/thumbnails/IMG_5335.jpg]
[www.sobczak.com.pl/img/realizacje/na_beton/13b/IMG_5336.jpg]
[www.sobczak.com.pl/img/realizacje/na_beton/13b/thumbnails/IMG_5336.jpg]
[www.sobczak.com.pl/img/realizacje/na_beton/13b/IMG_5338.jpg]
[www.sobczak.com.pl/img/realizacje/na_beton/13b/thumbnails/IMG_5338.jpg]
[www.sobczak.com.pl/img/realizacje/na_beton/13b/IMG_5344.jpg]
[www.sobczak.com.pl/img/realizacje/na_beton/13b/thumbnails/IMG_5344.jpg]
[www.sobczak.com.pl/img/realizacje/na_beton/13b/IMG_5347.jpg]
[www.sobczak.com.pl/img/realizacje/na_beton/13b/thumbnails/IMG_5347.jpg]
[www.sobczak.com.pl/img/realizacje/na_beton/13b/IMG_5348.jpg]
[www.sobczak.com.pl/img/realizacje/na_beton/13b/thumbnails/IMG_5348.jpg]
[www.sobczak.com.pl/img/realizacje/na_beton/13b/IMG_5349.jpg]
[www.sobczak.com.pl/img/realizacje/na_beton/13b/thumbnails/IMG_5349.jpg]
[www.sobczak.com.pl/img/realizacje/na_beton/13b/IMG_5350.jpg]
[www.sobczak.com.pl/img/realizacje/na_beton/13b/thumbnails/IMG_5350.jpg]
[www.sobczak.com.pl/img/realizacje/na_beton/13b/IMG_5351.jpg]
[www.sobczak.com.pl/img/realizacje/na_beton/13b/thumbnails/IMG_5351.jpg]
[www.sobczak.com.pl/img/realizacje/na_beton/13b/IMG_5353.jpg]
[www.sobczak.com.pl/img/realizacje/na_beton/13b/thumbnails/IMG_5353.jpg]
[www.sobczak.com.pl/img/realizacje/na_beton/13b/IMG_5354.jpg]
[www.sobczak.com.pl/img/realizacje/na_beton/13b/thumbnails/IMG_5354.jpg]
[www.sobczak.com.pl/img/realizacje/na_beton/13b/IMG_5358.jpg]
[www.sobczak.com.pl/img/realizacje/na_beton/13b/thumbnails/IMG_5358.jpg]
[www.sobczak.com.pl/img/realizacje/na_beton/13b/IMG_5362.jpg]
[www.sobczak.com.pl/img/realizacje/na_beton/13b/thumbnails/IMG_5362.jpg]
[www.sobczak.com.pl/img/realizacje/na_beton/13b/IMG_5364.jpg]
[www.sobczak.com.pl/img/realizacje/na_beton/13b/thumbnails/IMG_5364.jpg]
[www.sobczak.com.pl/galeria/schody-na-beton/13b.html]
[www.sobczak.com.pl/img/realizacje/na_beton/12b/02.jpg]
[www.sobczak.com.pl/img/realizacje/na_beton/12b/thumbnails/02.jpg]
[www.sobczak.com.pl/img/realizacje/na_beton/12b/03.jpg]
[www.sobczak.com.pl/img/realizacje/na_beton/12b/thumbnails/03.jpg]
[www.sobczak.com.pl/img/realizacje/na_beton/12b/06.jpg]
[www.sobczak.com.pl/img/realizacje/na_beton/12b/thumbnails/06.jpg]
[www.sobczak.com.pl/img/realizacje/na_beton/12b/07.jpg]
[www.sobczak.com.pl/img/realizacje/na_beton/12b/thumbnails/07.jpg]
[www.sobczak.com.pl/img/realizacje/na_beton/12b/08.jpg]
[www.sobczak.com.pl/img/realizacje/na_beton/12b/thumbnails/08.jpg]
[www.sobczak.com.pl/img/realizacje/na_beton/12b/09.jpg]
[www.sobczak.com.pl/img/realizacje/na_beton/12b/thumbnails/09.jpg]
[www.sobczak.com.pl/img/realizacje/na_beton/12b/10.jpg]
[www.sobczak.com.pl/img/realizacje/na_beton/12b/thumbnails/10.jpg]
[www.sobczak.com.pl/img/realizacje/na_beton/12b/11.jpg]
[www.sobczak.com.pl/img/realizacje/na_beton/12b/thumbnails/11.jpg]
[www.sobczak.com.pl/img/realizacje/na_beton/12b/12.jpg]
[www.sobczak.com.pl/img/realizacje/na_beton/12b/thumbnails/12.jpg]
[www.sobczak.com.pl/img/realizacje/na_beton/12b/13.jpg]
[www.sobczak.com.pl/img/realizacje/na_beton/12b/thumbnails/13.jpg]
[www.sobczak.com.pl/img/realizacje/na_beton/12b/14.jpg]
[www.sobczak.com.pl/img/realizacje/na_beton/12b/thumbnails/14.jpg]
[www.sobczak.com.pl/img/realizacje/na_beton/12b/16.jpg]
[www.sobczak.com.pl/img/realizacje/na_beton/12b/thumbnails/16.jpg]
[www.sobczak.com.pl/img/realizacje/na_beton/12b/17.jpg]
[www.sobczak.com.pl/img/realizacje/na_beton/12b/thumbnails/17.jpg]
[www.sobczak.com.pl/img/realizacje/na_beton/12b/18.jpg]
[www.sobczak.com.pl/img/realizacje/na_beton/12b/thumbnails/18.jpg]
[www.sobczak.com.pl/galeria/schody-na-beton/12b.html]
[www.sobczak.com.pl/img/realizacje/na_beton/11b/img_5057.jpg]
[www.sobczak.com.pl/img/realizacje/na_beton/11b/thumbnails/img_5057.jpg]
[www.sobczak.com.pl/img/realizacje/na_beton/11b/img_5058.jpg]
[www.sobczak.com.pl/img/realizacje/na_beton/11b/thumbnails/img_5058.jpg]
[www.sobczak.com.pl/img/realizacje/na_beton/11b/img_5059.jpg]
[www.sobczak.com.pl/img/realizacje/na_beton/11b/thumbnails/img_5059.jpg]
[www.sobczak.com.pl/img/realizacje/na_beton/11b/img_5060.jpg]
[www.sobczak.com.pl/img/realizacje/na_beton/11b/thumbnails/img_5060.jpg]
[www.sobczak.com.pl/img/realizacje/na_beton/11b/img_5061.jpg]
[www.sobczak.com.pl/img/realizacje/na_beton/11b/thumbnails/img_5061.jpg]
[www.sobczak.com.pl/img/realizacje/na_beton/11b/img_5062.jpg]
[www.sobczak.com.pl/img/realizacje/na_beton/11b/thumbnails/img_5062.jpg]
[www.sobczak.com.pl/img/realizacje/na_beton/11b/img_5063.jpg]
[www.sobczak.com.pl/img/realizacje/na_beton/11b/thumbnails/img_5063.jpg]
[www.sobczak.com.pl/img/realizacje/na_beton/11b/img_5064.jpg]
[www.sobczak.com.pl/img/realizacje/na_beton/11b/thumbnails/img_5064.jpg]
[www.sobczak.com.pl/img/realizacje/na_beton/11b/img_5065.jpg]
[www.sobczak.com.pl/img/realizacje/na_beton/11b/thumbnails/img_5065.jpg]
[www.sobczak.com.pl/img/realizacje/na_beton/11b/img_5066.jpg]
[www.sobczak.com.pl/img/realizacje/na_beton/11b/thumbnails/img_5066.jpg]
[www.sobczak.com.pl/img/realizacje/na_beton/11b/img_5067.jpg]
[www.sobczak.com.pl/img/realizacje/na_beton/11b/thumbnails/img_5067.jpg]
[www.sobczak.com.pl/img/realizacje/na_beton/11b/img_5068.jpg]
[www.sobczak.com.pl/img/realizacje/na_beton/11b/thumbnails/img_5068.jpg]
[www.sobczak.com.pl/img/realizacje/na_beton/11b/img_5069.jpg]
[www.sobczak.com.pl/img/realizacje/na_beton/11b/thumbnails/img_5069.jpg]
[www.sobczak.com.pl/img/realizacje/na_beton/11b/img_5070.jpg]
[www.sobczak.com.pl/img/realizacje/na_beton/11b/thumbnails/img_5070.jpg]
[www.sobczak.com.pl/img/realizacje/na_beton/11b/img_5071.jpg]
[www.sobczak.com.pl/img/realizacje/na_beton/11b/thumbnails/img_5071.jpg]
[www.sobczak.com.pl/img/realizacje/na_beton/11b/img_5072.jpg]
[www.sobczak.com.pl/img/realizacje/na_beton/11b/thumbnails/img_5072.jpg]
[www.sobczak.com.pl/img/realizacje/na_beton/11b/primary.jpg]
[www.sobczak.com.pl/img/realizacje/na_beton/11b/thumbnails/primary.jpg]
[www.sobczak.com.pl/galeria/schody-na-beton/11b.html]
[www.sobczak.com.pl/img/realizacje/na_beton/10b/img_5035.jpg]
[www.sobczak.com.pl/img/realizacje/na_beton/10b/thumbnails/img_5035.jpg]
[www.sobczak.com.pl/img/realizacje/na_beton/10b/img_5036.jpg]
[www.sobczak.com.pl/img/realizacje/na_beton/10b/thumbnails/img_5036.jpg]
[www.sobczak.com.pl/img/realizacje/na_beton/10b/img_5037.jpg]
[www.sobczak.com.pl/img/realizacje/na_beton/10b/thumbnails/img_5037.jpg]
[www.sobczak.com.pl/img/realizacje/na_beton/10b/img_5040.jpg]
[www.sobczak.com.pl/img/realizacje/na_beton/10b/thumbnails/img_5040.jpg]
[www.sobczak.com.pl/img/realizacje/na_beton/10b/img_5041.jpg]
[www.sobczak.com.pl/img/realizacje/na_beton/10b/thumbnails/img_5041.jpg]
[www.sobczak.com.pl/img/realizacje/na_beton/10b/img_5044.jpg]
[www.sobczak.com.pl/img/realizacje/na_beton/10b/thumbnails/img_5044.jpg]
[www.sobczak.com.pl/img/realizacje/na_beton/10b/img_5045.jpg]
[www.sobczak.com.pl/img/realizacje/na_beton/10b/thumbnails/img_5045.jpg]
[www.sobczak.com.pl/img/realizacje/na_beton/10b/primary.jpg]
[www.sobczak.com.pl/img/realizacje/na_beton/10b/thumbnails/primary.jpg]
[www.sobczak.com.pl/galeria/schody-na-beton/10b.html]
[www.sobczak.com.pl/img/realizacje/na_beton/09b/img_5017.jpg]
[www.sobczak.com.pl/img/realizacje/na_beton/09b/thumbnails/img_5017.jpg]
[www.sobczak.com.pl/img/realizacje/na_beton/09b/img_5018.jpg]
[www.sobczak.com.pl/img/realizacje/na_beton/09b/thumbnails/img_5018.jpg]
[www.sobczak.com.pl/img/realizacje/na_beton/09b/img_5019.jpg]
[www.sobczak.com.pl/img/realizacje/na_beton/09b/thumbnails/img_5019.jpg]
[www.sobczak.com.pl/img/realizacje/na_beton/09b/img_5023.jpg]
[www.sobczak.com.pl/img/realizacje/na_beton/09b/thumbnails/img_5023.jpg]
[www.sobczak.com.pl/img/realizacje/na_beton/09b/img_5024.jpg]
[www.sobczak.com.pl/img/realizacje/na_beton/09b/thumbnails/img_5024.jpg]
[www.sobczak.com.pl/galeria/schody-na-beton/09b.html]
[www.sobczak.com.pl/realizacje/schody-samonosne,1.html]
[www.sobczak.com.pl/realizacje/schody-samonosne,2.html]
[www.sobczak.com.pl/realizacje/schody-samonosne,3.html]
[www.sobczak.com.pl/realizacje/schody-samonosne,2'.html]
[www.sobczak.com.pl/img/realizacje/samonosne/25s/IMG_8687.jpg]
[www.sobczak.com.pl/img/realizacje/samonosne/25s/thumbnails/IMG_8687.jpg]
[www.sobczak.com.pl/img/realizacje/samonosne/25s/IMG_8688.jpg]
[www.sobczak.com.pl/img/realizacje/samonosne/25s/thumbnails/IMG_8688.jpg]
[www.sobczak.com.pl/img/realizacje/samonosne/25s/IMG_8692.jpg]
[www.sobczak.com.pl/img/realizacje/samonosne/25s/thumbnails/IMG_8692.jpg]
[www.sobczak.com.pl/img/realizacje/samonosne/25s/IMG_8694.jpg]
[www.sobczak.com.pl/img/realizacje/samonosne/25s/thumbnails/IMG_8694.jpg]
[www.sobczak.com.pl/img/realizacje/samonosne/25s/IMG_8700.jpg]
[www.sobczak.com.pl/img/realizacje/samonosne/25s/thumbnails/IMG_8700.jpg]
[www.sobczak.com.pl/img/realizacje/samonosne/25s/IMG_8701.jpg]
[www.sobczak.com.pl/img/realizacje/samonosne/25s/thumbnails/IMG_8701.jpg]
[www.sobczak.com.pl/img/realizacje/samonosne/25s/IMG_8702.jpg]
[www.sobczak.com.pl/img/realizacje/samonosne/25s/thumbnails/IMG_8702.jpg]
[www.sobczak.com.pl/img/realizacje/samonosne/25s/IMG_8703.jpg]
[www.sobczak.com.pl/img/realizacje/samonosne/25s/thumbnails/IMG_8703.jpg]
[www.sobczak.com.pl/img/realizacje/samonosne/25s/IMG_8704.jpg]
[www.sobczak.com.pl/img/realizacje/samonosne/25s/thumbnails/IMG_8704.jpg]
[www.sobczak.com.pl/img/realizacje/samonosne/25s/IMG_8706.jpg]
[www.sobczak.com.pl/img/realizacje/samonosne/25s/thumbnails/IMG_8706.jpg]
[www.sobczak.com.pl/img/realizacje/samonosne/25s/IMG_8707.jpg]
[www.sobczak.com.pl/img/realizacje/samonosne/25s/thumbnails/IMG_8707.jpg]
[www.sobczak.com.pl/img/realizacje/samonosne/25s/IMG_8708.jpg]
[www.sobczak.com.pl/img/realizacje/samonosne/25s/thumbnails/IMG_8708.jpg]
[www.sobczak.com.pl/img/realizacje/samonosne/25s/IMG_8710.jpg]
[www.sobczak.com.pl/img/realizacje/samonosne/25s/thumbnails/IMG_8710.jpg]
[www.sobczak.com.pl/img/realizacje/samonosne/25s/IMG_8711.jpg]
[www.sobczak.com.pl/img/realizacje/samonosne/25s/thumbnails/IMG_8711.jpg]
[www.sobczak.com.pl/img/realizacje/samonosne/25s/IMG_8713.jpg]
[www.sobczak.com.pl/img/realizacje/samonosne/25s/thumbnails/IMG_8713.jpg]
[www.sobczak.com.pl/img/realizacje/samonosne/25s/IMG_8714.jpg]
[www.sobczak.com.pl/img/realizacje/samonosne/25s/thumbnails/IMG_8714.jpg]
[www.sobczak.com.pl/img/realizacje/samonosne/25s/IMG_8715.jpg]
[www.sobczak.com.pl/img/realizacje/samonosne/25s/thumbnails/IMG_8715.jpg]
[www.sobczak.com.pl/img/realizacje/samonosne/25s/IMG_8716.jpg]
[www.sobczak.com.pl/img/realizacje/samonosne/25s/thumbnails/IMG_8716.jpg]
[www.sobczak.com.pl/img/realizacje/samonosne/25s/IMG_8717.jpg]
[www.sobczak.com.pl/img/realizacje/samonosne/25s/thumbnails/IMG_8717.jpg]
[www.sobczak.com.pl/img/realizacje/samonosne/25s/IMG_8719.jpg]
[www.sobczak.com.pl/img/realizacje/samonosne/25s/thumbnails/IMG_8719.jpg]
[www.sobczak.com.pl/img/realizacje/samonosne/25s/IMG_8721.jpg]
[www.sobczak.com.pl/img/realizacje/samonosne/25s/thumbnails/IMG_8721.jpg]
[www.sobczak.com.pl/img/realizacje/samonosne/25s/IMG_8722.jpg]
[www.sobczak.com.pl/img/realizacje/samonosne/25s/thumbnails/IMG_8722.jpg]
[www.sobczak.com.pl/galeria/schody-samonosne/25s.html]
[www.sobczak.com.pl/img/realizacje/samonosne/24s/IMG_7812.jpg]
[www.sobczak.com.pl/img/realizacje/samonosne/24s/thumbnails/IMG_7812.jpg]
[www.sobczak.com.pl/img/realizacje/samonosne/24s/IMG_7817.jpg]
[www.sobczak.com.pl/img/realizacje/samonosne/24s/thumbnails/IMG_7817.jpg]
[www.sobczak.com.pl/img/realizacje/samonosne/24s/IMG_7822.jpg]
[www.sobczak.com.pl/img/realizacje/samonosne/24s/thumbnails/IMG_7822.jpg]
[www.sobczak.com.pl/img/realizacje/samonosne/24s/IMG_7823.jpg]
[www.sobczak.com.pl/img/realizacje/samonosne/24s/thumbnails/IMG_7823.jpg]
[www.sobczak.com.pl/img/realizacje/samonosne/24s/IMG_7828.jpg]
[www.sobczak.com.pl/img/realizacje/samonosne/24s/thumbnails/IMG_7828.jpg]
[www.sobczak.com.pl/img/realizacje/samonosne/24s/IMG_7830.jpg]
[www.sobczak.com.pl/img/realizacje/samonosne/24s/thumbnails/IMG_7830.jpg]
[www.sobczak.com.pl/img/realizacje/samonosne/24s/IMG_7832.jpg]
[www.sobczak.com.pl/img/realizacje/samonosne/24s/thumbnails/IMG_7832.jpg]
[www.sobczak.com.pl/galeria/schody-samonosne/24s.html]
[www.sobczak.com.pl/img/realizacje/samonosne/23s/IMG_7788.jpg]
[www.sobczak.com.pl/img/realizacje/samonosne/23s/thumbnails/IMG_7788.jpg]
[www.sobczak.com.pl/img/realizacje/samonosne/23s/IMG_7794.jpg]
[www.sobczak.com.pl/img/realizacje/samonosne/23s/thumbnails/IMG_7794.jpg]
[www.sobczak.com.pl/img/realizacje/samonosne/23s/IMG_7796.jpg]
[www.sobczak.com.pl/img/realizacje/samonosne/23s/thumbnails/IMG_7796.jpg]
[www.sobczak.com.pl/img/realizacje/samonosne/23s/IMG_7799.jpg]
[www.sobczak.com.pl/img/realizacje/samonosne/23s/thumbnails/IMG_7799.jpg]
[www.sobczak.com.pl/img/realizacje/samonosne/23s/IMG_7800.jpg]
[www.sobczak.com.pl/img/realizacje/samonosne/23s/thumbnails/IMG_7800.jpg]
[www.sobczak.com.pl/img/realizacje/samonosne/23s/IMG_7803.jpg]
[www.sobczak.com.pl/img/realizacje/samonosne/23s/thumbnails/IMG_7803.jpg]
[www.sobczak.com.pl/img/realizacje/samonosne/23s/IMG_7806.jpg]
[www.sobczak.com.pl/img/realizacje/samonosne/23s/thumbnails/IMG_7806.jpg]
[www.sobczak.com.pl/galeria/schody-samonosne/23s.html]
[www.sobczak.com.pl/img/realizacje/samonosne/22s/IMG_5383.jpg]
[www.sobczak.com.pl/img/realizacje/samonosne/22s/thumbnails/IMG_5383.jpg]
[www.sobczak.com.pl/img/realizacje/samonosne/22s/IMG_5384.jpg]
[www.sobczak.com.pl/img/realizacje/samonosne/22s/thumbnails/IMG_5384.jpg]
[www.sobczak.com.pl/img/realizacje/samonosne/22s/IMG_5385.jpg]
[www.sobczak.com.pl/img/realizacje/samonosne/22s/thumbnails/IMG_5385.jpg]
[www.sobczak.com.pl/img/realizacje/samonosne/22s/IMG_5394.jpg]
[www.sobczak.com.pl/img/realizacje/samonosne/22s/thumbnails/IMG_5394.jpg]
[www.sobczak.com.pl/img/realizacje/samonosne/22s/IMG_5396.jpg]
[www.sobczak.com.pl/img/realizacje/samonosne/22s/thumbnails/IMG_5396.jpg]
[www.sobczak.com.pl/img/realizacje/samonosne/22s/IMG_5397.jpg]
[www.sobczak.com.pl/img/realizacje/samonosne/22s/thumbnails/IMG_5397.jpg]
[www.sobczak.com.pl/img/realizacje/samonosne/22s/IMG_5399.jpg]
[www.sobczak.com.pl/img/realizacje/samonosne/22s/thumbnails/IMG_5399.jpg]
[www.sobczak.com.pl/galeria/schody-samonosne/22s.html]
[www.sobczak.com.pl/img/realizacje/samonosne/21s/IMG_3432.jpg]
[www.sobczak.com.pl/img/realizacje/samonosne/21s/thumbnails/IMG_3432.jpg]
[www.sobczak.com.pl/img/realizacje/samonosne/21s/IMG_3434.jpg]
[www.sobczak.com.pl/img/realizacje/samonosne/21s/thumbnails/IMG_3434.jpg]
[www.sobczak.com.pl/img/realizacje/samonosne/21s/IMG_3435.jpg]
[www.sobczak.com.pl/img/realizacje/samonosne/21s/thumbnails/IMG_3435.jpg]
[www.sobczak.com.pl/img/realizacje/samonosne/21s/IMG_3437.jpg]
[www.sobczak.com.pl/img/realizacje/samonosne/21s/thumbnails/IMG_3437.jpg]
[www.sobczak.com.pl/img/realizacje/samonosne/21s/IMG_3441.jpg]
[www.sobczak.com.pl/img/realizacje/samonosne/21s/thumbnails/IMG_3441.jpg]
[www.sobczak.com.pl/img/realizacje/samonosne/21s/IMG_3443.jpg]
[www.sobczak.com.pl/img/realizacje/samonosne/21s/thumbnails/IMG_3443.jpg]
[www.sobczak.com.pl/img/realizacje/samonosne/21s/IMG_3445.jpg]
[www.sobczak.com.pl/img/realizacje/samonosne/21s/thumbnails/IMG_3445.jpg]
[www.sobczak.com.pl/img/realizacje/samonosne/21s/IMG_3446.jpg]
[www.sobczak.com.pl/img/realizacje/samonosne/21s/thumbnails/IMG_3446.jpg]
[www.sobczak.com.pl/img/realizacje/samonosne/21s/IMG_3447.jpg]
[www.sobczak.com.pl/img/realizacje/samonosne/21s/thumbnails/IMG_3447.jpg]
[www.sobczak.com.pl/img/realizacje/samonosne/21s/IMG_3448.jpg]
[www.sobczak.com.pl/img/realizacje/samonosne/21s/thumbnails/IMG_3448.jpg]
[www.sobczak.com.pl/img/realizacje/samonosne/21s/IMG_3452.jpg]
[www.sobczak.com.pl/img/realizacje/samonosne/21s/thumbnails/IMG_3452.jpg]
[www.sobczak.com.pl/img/realizacje/samonosne/21s/IMG_3456.jpg]
[www.sobczak.com.pl/img/realizacje/samonosne/21s/thumbnails/IMG_3456.jpg]
[www.sobczak.com.pl/img/realizacje/samonosne/21s/IMG_3458.jpg]
[www.sobczak.com.pl/img/realizacje/samonosne/21s/thumbnails/IMG_3458.jpg]
[www.sobczak.com.pl/img/realizacje/samonosne/21s/IMG_3460.jpg]
[www.sobczak.com.pl/img/realizacje/samonosne/21s/thumbnails/IMG_3460.jpg]
[www.sobczak.com.pl/img/realizacje/samonosne/21s/IMG_3461.jpg]
[www.sobczak.com.pl/img/realizacje/samonosne/21s/thumbnails/IMG_3461.jpg]
[www.sobczak.com.pl/img/realizacje/samonosne/21s/IMG_3463.jpg]
[www.sobczak.com.pl/img/realizacje/samonosne/21s/thumbnails/IMG_3463.jpg]
[www.sobczak.com.pl/img/realizacje/samonosne/21s/IMG_3464.jpg]
[www.sobczak.com.pl/img/realizacje/samonosne/21s/thumbnails/IMG_3464.jpg]
[www.sobczak.com.pl/img/realizacje/samonosne/21s/IMG_3467.jpg]
[www.sobczak.com.pl/img/realizacje/samonosne/21s/thumbnails/IMG_3467.jpg]
[www.sobczak.com.pl/img/realizacje/samonosne/21s/IMG_3469.jpg]
[www.sobczak.com.pl/img/realizacje/samonosne/21s/thumbnails/IMG_3469.jpg]
[www.sobczak.com.pl/galeria/schody-samonosne/21s.html]
[www.sobczak.com.pl/img/realizacje/samonosne/20s/IMG_5402.jpg]
[www.sobczak.com.pl/img/realizacje/samonosne/20s/thumbnails/IMG_5402.jpg]
[www.sobczak.com.pl/img/realizacje/samonosne/20s/IMG_5403.jpg]
[www.sobczak.com.pl/img/realizacje/samonosne/20s/thumbnails/IMG_5403.jpg]
[www.sobczak.com.pl/img/realizacje/samonosne/20s/IMG_5404.jpg]
[www.sobczak.com.pl/img/realizacje/samonosne/20s/thumbnails/IMG_5404.jpg]
[www.sobczak.com.pl/img/realizacje/samonosne/20s/IMG_5405.jpg]
[www.sobczak.com.pl/img/realizacje/samonosne/20s/thumbnails/IMG_5405.jpg]
[www.sobczak.com.pl/img/realizacje/samonosne/20s/IMG_5406.jpg]
[www.sobczak.com.pl/img/realizacje/samonosne/20s/thumbnails/IMG_5406.jpg]
[www.sobczak.com.pl/img/realizacje/samonosne/20s/IMG_5407.jpg]
[www.sobczak.com.pl/img/realizacje/samonosne/20s/thumbnails/IMG_5407.jpg]
[www.sobczak.com.pl/img/realizacje/samonosne/20s/IMG_5408.jpg]
[www.sobczak.com.pl/img/realizacje/samonosne/20s/thumbnails/IMG_5408.jpg]
[www.sobczak.com.pl/img/realizacje/samonosne/20s/IMG_5411.jpg]
[www.sobczak.com.pl/img/realizacje/samonosne/20s/thumbnails/IMG_5411.jpg]
[www.sobczak.com.pl/img/realizacje/samonosne/20s/IMG_5413.jpg]
[www.sobczak.com.pl/img/realizacje/samonosne/20s/thumbnails/IMG_5413.jpg]
[www.sobczak.com.pl/img/realizacje/samonosne/20s/IMG_5414.jpg]
[www.sobczak.com.pl/img/realizacje/samonosne/20s/thumbnails/IMG_5414.jpg]
[www.sobczak.com.pl/img/realizacje/samonosne/20s/IMG_5416.jpg]
[www.sobczak.com.pl/img/realizacje/samonosne/20s/thumbnails/IMG_5416.jpg]
[www.sobczak.com.pl/img/realizacje/samonosne/20s/IMG_5421.jpg]
[www.sobczak.com.pl/img/realizacje/samonosne/20s/thumbnails/IMG_5421.jpg]
[www.sobczak.com.pl/img/realizacje/samonosne/20s/IMG_5422.jpg]
[www.sobczak.com.pl/img/realizacje/samonosne/20s/thumbnails/IMG_5422.jpg]
[www.sobczak.com.pl/img/realizacje/samonosne/20s/IMG_5426.jpg]
[www.sobczak.com.pl/img/realizacje/samonosne/20s/thumbnails/IMG_5426.jpg]
[www.sobczak.com.pl/img/realizacje/samonosne/20s/IMG_5427.jpg]
[www.sobczak.com.pl/img/realizacje/samonosne/20s/thumbnails/IMG_5427.jpg]
[www.sobczak.com.pl/galeria/schody-samonosne/20s.html]
[www.sobczak.com.pl/img/realizacje/samonosne/19s/IMG_5602.jpg]
[www.sobczak.com.pl/img/realizacje/samonosne/19s/thumbnails/IMG_5602.jpg]
[www.sobczak.com.pl/img/realizacje/samonosne/19s/IMG_5604.jpg]
[www.sobczak.com.pl/img/realizacje/samonosne/19s/thumbnails/IMG_5604.jpg]
[www.sobczak.com.pl/img/realizacje/samonosne/19s/IMG_5610.jpg]
[www.sobczak.com.pl/img/realizacje/samonosne/19s/thumbnails/IMG_5610.jpg]
[www.sobczak.com.pl/img/realizacje/samonosne/19s/IMG_5611.jpg]
[www.sobczak.com.pl/img/realizacje/samonosne/19s/thumbnails/IMG_5611.jpg]
[www.sobczak.com.pl/img/realizacje/samonosne/19s/IMG_5612.jpg]
[www.sobczak.com.pl/img/realizacje/samonosne/19s/thumbnails/IMG_5612.jpg]
[www.sobczak.com.pl/img/realizacje/samonosne/19s/IMG_5616.jpg]
[www.sobczak.com.pl/img/realizacje/samonosne/19s/thumbnails/IMG_5616.jpg]
[www.sobczak.com.pl/img/realizacje/samonosne/19s/IMG_5617.jpg]
[www.sobczak.com.pl/img/realizacje/samonosne/19s/thumbnails/IMG_5617.jpg]
[www.sobczak.com.pl/img/realizacje/samonosne/19s/IMG_5618.jpg]
[www.sobczak.com.pl/img/realizacje/samonosne/19s/thumbnails/IMG_5618.jpg]
[www.sobczak.com.pl/img/realizacje/samonosne/19s/IMG_5619.jpg]
[www.sobczak.com.pl/img/realizacje/samonosne/19s/thumbnails/IMG_5619.jpg]
[www.sobczak.com.pl/img/realizacje/samonosne/19s/IMG_5623.jpg]
[www.sobczak.com.pl/img/realizacje/samonosne/19s/thumbnails/IMG_5623.jpg]
[www.sobczak.com.pl/img/realizacje/samonosne/19s/IMG_5624.jpg]
[www.sobczak.com.pl/img/realizacje/samonosne/19s/thumbnails/IMG_5624.jpg]
[www.sobczak.com.pl/img/realizacje/samonosne/19s/IMG_5626.jpg]
[www.sobczak.com.pl/img/realizacje/samonosne/19s/thumbnails/IMG_5626.jpg]
[www.sobczak.com.pl/img/realizacje/samonosne/19s/IMG_5627.jpg]
[www.sobczak.com.pl/img/realizacje/samonosne/19s/thumbnails/IMG_5627.jpg]
[www.sobczak.com.pl/img/realizacje/samonosne/19s/IMG_5628.jpg]
[www.sobczak.com.pl/img/realizacje/samonosne/19s/thumbnails/IMG_5628.jpg]
[www.sobczak.com.pl/img/realizacje/samonosne/19s/IMG_5629.jpg]
[www.sobczak.com.pl/img/realizacje/samonosne/19s/thumbnails/IMG_5629.jpg]
[www.sobczak.com.pl/img/realizacje/samonosne/19s/IMG_5631.jpg]
[www.sobczak.com.pl/img/realizacje/samonosne/19s/thumbnails/IMG_5631.jpg]
[www.sobczak.com.pl/img/realizacje/samonosne/19s/IMG_5632.jpg]
[www.sobczak.com.pl/img/realizacje/samonosne/19s/thumbnails/IMG_5632.jpg]
[www.sobczak.com.pl/img/realizacje/samonosne/19s/IMG_5633.jpg]
[www.sobczak.com.pl/img/realizacje/samonosne/19s/thumbnails/IMG_5633.jpg]
[www.sobczak.com.pl/galeria/schody-samonosne/19s.html]
[www.sobczak.com.pl/img/realizacje/samonosne/18s/IMG_6940.jpg]
[www.sobczak.com.pl/img/realizacje/samonosne/18s/thumbnails/IMG_6940.jpg]
[www.sobczak.com.pl/img/realizacje/samonosne/18s/IMG_6942.jpg]
[www.sobczak.com.pl/img/realizacje/samonosne/18s/thumbnails/IMG_6942.jpg]
[www.sobczak.com.pl/img/realizacje/samonosne/18s/IMG_6943.jpg]
[www.sobczak.com.pl/img/realizacje/samonosne/18s/thumbnails/IMG_6943.jpg]
[www.sobczak.com.pl/img/realizacje/samonosne/18s/IMG_6944.jpg]
[www.sobczak.com.pl/img/realizacje/samonosne/18s/thumbnails/IMG_6944.jpg]
[www.sobczak.com.pl/img/realizacje/samonosne/18s/IMG_6945.jpg]
[www.sobczak.com.pl/img/realizacje/samonosne/18s/thumbnails/IMG_6945.jpg]
[www.sobczak.com.pl/img/realizacje/samonosne/18s/IMG_6948.jpg]
[www.sobczak.com.pl/img/realizacje/samonosne/18s/thumbnails/IMG_6948.jpg]
[www.sobczak.com.pl/img/realizacje/samonosne/18s/IMG_6950.jpg]
[www.sobczak.com.pl/img/realizacje/samonosne/18s/thumbnails/IMG_6950.jpg]
[www.sobczak.com.pl/img/realizacje/samonosne/18s/IMG_6952.jpg]
[www.sobczak.com.pl/img/realizacje/samonosne/18s/thumbnails/IMG_6952.jpg]
[www.sobczak.com.pl/img/realizacje/samonosne/18s/IMG_6954.jpg]
[www.sobczak.com.pl/img/realizacje/samonosne/18s/thumbnails/IMG_6954.jpg]
[www.sobczak.com.pl/img/realizacje/samonosne/18s/IMG_6955.jpg]
[www.sobczak.com.pl/img/realizacje/samonosne/18s/thumbnails/IMG_6955.jpg]
[www.sobczak.com.pl/img/realizacje/samonosne/18s/IMG_6957.jpg]
[www.sobczak.com.pl/img/realizacje/samonosne/18s/thumbnails/IMG_6957.jpg]
[www.sobczak.com.pl/img/realizacje/samonosne/18s/IMG_6959.jpg]
[www.sobczak.com.pl/img/realizacje/samonosne/18s/thumbnails/IMG_6959.jpg]
[www.sobczak.com.pl/img/realizacje/samonosne/18s/IMG_6960.jpg]
[www.sobczak.com.pl/img/realizacje/samonosne/18s/thumbnails/IMG_6960.jpg]
[www.sobczak.com.pl/galeria/schody-samonosne/18s.html]
[www.sobczak.com.pl/img/realizacje/samonosne/17s/IMG_7010.jpg]
[www.sobczak.com.pl/img/realizacje/samonosne/17s/thumbnails/IMG_7010.jpg]
[www.sobczak.com.pl/img/realizacje/samonosne/17s/IMG_7011.jpg]
[www.sobczak.com.pl/img/realizacje/samonosne/17s/thumbnails/IMG_7011.jpg]
[www.sobczak.com.pl/img/realizacje/samonosne/17s/IMG_7014.jpg]
[www.sobczak.com.pl/img/realizacje/samonosne/17s/thumbnails/IMG_7014.jpg]
[www.sobczak.com.pl/img/realizacje/samonosne/17s/IMG_7015.jpg]
[www.sobczak.com.pl/img/realizacje/samonosne/17s/thumbnails/IMG_7015.jpg]
[www.sobczak.com.pl/img/realizacje/samonosne/17s/IMG_7017.jpg]
[www.sobczak.com.pl/img/realizacje/samonosne/17s/thumbnails/IMG_7017.jpg]
[www.sobczak.com.pl/img/realizacje/samonosne/17s/IMG_7021.jpg]
[www.sobczak.com.pl/img/realizacje/samonosne/17s/thumbnails/IMG_7021.jpg]
[www.sobczak.com.pl/img/realizacje/samonosne/17s/IMG_7022.jpg]
[www.sobczak.com.pl/img/realizacje/samonosne/17s/thumbnails/IMG_7022.jpg]
[www.sobczak.com.pl/img/realizacje/samonosne/17s/IMG_7023.jpg]
[www.sobczak.com.pl/img/realizacje/samonosne/17s/thumbnails/IMG_7023.jpg]
[www.sobczak.com.pl/img/realizacje/samonosne/17s/IMG_7024.jpg]
[www.sobczak.com.pl/img/realizacje/samonosne/17s/thumbnails/IMG_7024.jpg]
[www.sobczak.com.pl/img/realizacje/samonosne/17s/IMG_7027.jpg]
[www.sobczak.com.pl/img/realizacje/samonosne/17s/thumbnails/IMG_7027.jpg]
[www.sobczak.com.pl/img/realizacje/samonosne/17s/IMG_7028.jpg]
[www.sobczak.com.pl/img/realizacje/samonosne/17s/thumbnails/IMG_7028.jpg]
[www.sobczak.com.pl/img/realizacje/samonosne/17s/IMG_7029.jpg]
[www.sobczak.com.pl/img/realizacje/samonosne/17s/thumbnails/IMG_7029.jpg]
[www.sobczak.com.pl/img/realizacje/samonosne/17s/IMG_7031.jpg]
[www.sobczak.com.pl/img/realizacje/samonosne/17s/thumbnails/IMG_7031.jpg]
[www.sobczak.com.pl/img/realizacje/samonosne/17s/IMG_7032.jpg]
[www.sobczak.com.pl/img/realizacje/samonosne/17s/thumbnails/IMG_7032.jpg]
[www.sobczak.com.pl/img/realizacje/samonosne/17s/IMG_7033.jpg]
[www.sobczak.com.pl/img/realizacje/samonosne/17s/thumbnails/IMG_7033.jpg]
[www.sobczak.com.pl/img/realizacje/samonosne/17s/IMG_7035.jpg]
[www.sobczak.com.pl/img/realizacje/samonosne/17s/thumbnails/IMG_7035.jpg]
[www.sobczak.com.pl/img/realizacje/samonosne/17s/IMG_7036.jpg]
[www.sobczak.com.pl/img/realizacje/samonosne/17s/thumbnails/IMG_7036.jpg]
[www.sobczak.com.pl/img/realizacje/samonosne/17s/IMG_7037.jpg]
[www.sobczak.com.pl/img/realizacje/samonosne/17s/thumbnails/IMG_7037.jpg]
[www.sobczak.com.pl/img/realizacje/samonosne/17s/IMG_7038.jpg]
[www.sobczak.com.pl/img/realizacje/samonosne/17s/thumbnails/IMG_7038.jpg]
[www.sobczak.com.pl/img/realizacje/samonosne/17s/IMG_7039.jpg]
[www.sobczak.com.pl/img/realizacje/samonosne/17s/thumbnails/IMG_7039.jpg]
[www.sobczak.com.pl/img/realizacje/samonosne/17s/IMG_7040.jpg]
[www.sobczak.com.pl/img/realizacje/samonosne/17s/thumbnails/IMG_7040.jpg]
[www.sobczak.com.pl/galeria/schody-samonosne/17s.html]
[www.sobczak.com.pl/realizacje/podlogi,1.html]
[www.sobczak.com.pl/img/realizacje/podlogi/01p/01.jpg]
[www.sobczak.com.pl/img/realizacje/podlogi/01p/thumbnails/01.jpg]
[www.sobczak.com.pl/img/realizacje/podlogi/01p/02.jpg]
[www.sobczak.com.pl/img/realizacje/podlogi/01p/thumbnails/02.jpg]
[www.sobczak.com.pl/img/realizacje/podlogi/01p/03.jpg]
[www.sobczak.com.pl/img/realizacje/podlogi/01p/thumbnails/03.jpg]
[www.sobczak.com.pl/img/realizacje/podlogi/01p/04.jpg]
[www.sobczak.com.pl/img/realizacje/podlogi/01p/thumbnails/04.jpg]
[www.sobczak.com.pl/galeria/podlogi/01p.html]
[www.sobczak.com.pl/img/realizacje/na_beton/01b/IMG_3078.jpg]
[www.sobczak.com.pl/img/realizacje/na_beton/01b/thumbnails/IMG_3078.jpg]
[www.sobczak.com.pl/img/realizacje/na_beton/01b/IMG_3079.jpg]
[www.sobczak.com.pl/img/realizacje/na_beton/01b/thumbnails/IMG_3079.jpg]
[www.sobczak.com.pl/img/realizacje/na_beton/01b/IMG_3080.jpg]
[www.sobczak.com.pl/img/realizacje/na_beton/01b/thumbnails/IMG_3080.jpg]
[www.sobczak.com.pl/img/realizacje/na_beton/01b/IMG_3081.jpg]
[www.sobczak.com.pl/img/realizacje/na_beton/01b/thumbnails/IMG_3081.jpg]
[www.sobczak.com.pl/img/realizacje/na_beton/01b/IMG_3082.jpg]
[www.sobczak.com.pl/img/realizacje/na_beton/01b/thumbnails/IMG_3082.jpg]
[www.sobczak.com.pl/img/realizacje/na_beton/01b/IMG_3083.jpg]
[www.sobczak.com.pl/img/realizacje/na_beton/01b/thumbnails/IMG_3083.jpg]
[www.sobczak.com.pl/img/realizacje/na_beton/01b/IMG_3084.jpg]
[www.sobczak.com.pl/img/realizacje/na_beton/01b/thumbnails/IMG_3084.jpg]
[www.sobczak.com.pl/img/realizacje/na_beton/01b/IMG_3085.jpg]
[www.sobczak.com.pl/img/realizacje/na_beton/01b/thumbnails/IMG_3085.jpg]
[www.sobczak.com.pl/img/realizacje/na_beton/01b/IMG_3088.jpg]
[www.sobczak.com.pl/img/realizacje/na_beton/01b/thumbnails/IMG_3088.jpg]
[www.sobczak.com.pl/img/realizacje/na_beton/01b/IMG_3089.jpg]
[www.sobczak.com.pl/img/realizacje/na_beton/01b/thumbnails/IMG_3089.jpg]
[www.sobczak.com.pl/img/realizacje/na_beton/01b/IMG_3091.jpg]
[www.sobczak.com.pl/img/realizacje/na_beton/01b/thumbnails/IMG_3091.jpg]
[www.sobczak.com.pl/img/realizacje/na_beton/01b/IMG_3093.jpg]
[www.sobczak.com.pl/img/realizacje/na_beton/01b/thumbnails/IMG_3093.jpg]
[www.sobczak.com.pl/img/realizacje/na_beton/01b/IMG_3094.jpg]
[www.sobczak.com.pl/img/realizacje/na_beton/01b/thumbnails/IMG_3094.jpg]
[www.sobczak.com.pl/img/realizacje/na_beton/01b/IMG_3095.jpg]
[www.sobczak.com.pl/img/realizacje/na_beton/01b/thumbnails/IMG_3095.jpg]
[www.sobczak.com.pl/img/realizacje/na_beton/01b/IMG_3096.jpg]
[www.sobczak.com.pl/img/realizacje/na_beton/01b/thumbnails/IMG_3096.jpg]
[www.sobczak.com.pl/img/realizacje/na_beton/01b/IMG_3099.jpg]
[www.sobczak.com.pl/img/realizacje/na_beton/01b/thumbnails/IMG_3099.jpg]
[www.sobczak.com.pl/img/realizacje/na_beton/01b/IMG_3100.jpg]
[www.sobczak.com.pl/img/realizacje/na_beton/01b/thumbnails/IMG_3100.jpg]
[www.sobczak.com.pl/img/realizacje/na_beton/01b/IMG_3102.jpg]
[www.sobczak.com.pl/img/realizacje/na_beton/01b/thumbnails/IMG_3102.jpg]
[www.sobczak.com.pl/img/realizacje/na_beton/01b/IMG_3105.jpg]
[www.sobczak.com.pl/img/realizacje/na_beton/01b/thumbnails/IMG_3105.jpg]
[www.sobczak.com.pl/img/realizacje/na_beton/01b/IMG_3106.jpg]
[www.sobczak.com.pl/img/realizacje/na_beton/01b/thumbnails/IMG_3106.jpg]
[www.sobczak.com.pl/img/realizacje/na_beton/01b/IMG_3108.jpg]
[www.sobczak.com.pl/img/realizacje/na_beton/01b/thumbnails/IMG_3108.jpg]
[www.sobczak.com.pl/img/realizacje/na_beton/01b/IMG_3110.jpg]
[www.sobczak.com.pl/img/realizacje/na_beton/01b/thumbnails/IMG_3110.jpg]
[www.sobczak.com.pl/img/realizacje/na_beton/01b/IMG_3113.jpg]
[www.sobczak.com.pl/img/realizacje/na_beton/01b/thumbnails/IMG_3113.jpg]
[www.sobczak.com.pl/img/realizacje/na_beton/01b/IMG_3116.jpg]
[www.sobczak.com.pl/img/realizacje/na_beton/01b/thumbnails/IMG_3116.jpg]
[www.sobczak.com.pl/img/realizacje/na_beton/01b/IMG_3119.jpg]
[www.sobczak.com.pl/img/realizacje/na_beton/01b/thumbnails/IMG_3119.jpg]
[www.sobczak.com.pl/img/realizacje/na_beton/01b/IMG_3123.jpg]
[www.sobczak.com.pl/img/realizacje/na_beton/01b/thumbnails/IMG_3123.jpg]
[www.sobczak.com.pl/img/realizacje/na_beton/01b/IMG_3124.jpg]
[www.sobczak.com.pl/img/realizacje/na_beton/01b/thumbnails/IMG_3124.jpg]
[www.sobczak.com.pl/img/realizacje/na_beton/01b/IMG_3126.jpg]
[www.sobczak.com.pl/img/realizacje/na_beton/01b/thumbnails/IMG_3126.jpg]
[www.sobczak.com.pl/img/realizacje/na_beton/01b/IMG_3128.jpg]
[www.sobczak.com.pl/img/realizacje/na_beton/01b/thumbnails/IMG_3128.jpg]
[www.sobczak.com.pl/img/realizacje/na_beton/01b/IMG_3129.jpg]
[www.sobczak.com.pl/img/realizacje/na_beton/01b/thumbnails/IMG_3129.jpg]
[www.sobczak.com.pl/img/realizacje/na_beton/01b/IMG_3130.jpg]
[www.sobczak.com.pl/img/realizacje/na_beton/01b/thumbnails/IMG_3130.jpg]
[www.sobczak.com.pl/img/realizacje/na_beton/01b/IMG_3131.jpg]
[www.sobczak.com.pl/img/realizacje/na_beton/01b/thumbnails/IMG_3131.jpg]
[www.sobczak.com.pl/img/realizacje/na_beton/01b/IMG_3132.jpg]
[www.sobczak.com.pl/img/realizacje/na_beton/01b/thumbnails/IMG_3132.jpg]
[www.sobczak.com.pl/img/realizacje/na_beton/01b/IMG_3133.jpg]
[www.sobczak.com.pl/img/realizacje/na_beton/01b/thumbnails/IMG_3133.jpg]
[www.sobczak.com.pl/galeria/schody-na-beton/01b.html]
[www.sobczak.com.pl/img/realizacje/na_beton/02b/IMG_3172.jpg]
[www.sobczak.com.pl/img/realizacje/na_beton/02b/thumbnails/IMG_3172.jpg]
[www.sobczak.com.pl/img/realizacje/na_beton/02b/IMG_3173.jpg]
[www.sobczak.com.pl/img/realizacje/na_beton/02b/thumbnails/IMG_3173.jpg]
[www.sobczak.com.pl/img/realizacje/na_beton/02b/IMG_3176.jpg]
[www.sobczak.com.pl/img/realizacje/na_beton/02b/thumbnails/IMG_3176.jpg]
[www.sobczak.com.pl/img/realizacje/na_beton/02b/IMG_3178.jpg]
[www.sobczak.com.pl/img/realizacje/na_beton/02b/thumbnails/IMG_3178.jpg]
[www.sobczak.com.pl/img/realizacje/na_beton/02b/IMG_3181.jpg]
[www.sobczak.com.pl/img/realizacje/na_beton/02b/thumbnails/IMG_3181.jpg]
[www.sobczak.com.pl/img/realizacje/na_beton/02b/IMG_3184.jpg]
[www.sobczak.com.pl/img/realizacje/na_beton/02b/thumbnails/IMG_3184.jpg]
[www.sobczak.com.pl/img/realizacje/na_beton/02b/IMG_3185.jpg]
[www.sobczak.com.pl/img/realizacje/na_beton/02b/thumbnails/IMG_3185.jpg]
[www.sobczak.com.pl/img/realizacje/na_beton/02b/IMG_3186.jpg]
[www.sobczak.com.pl/img/realizacje/na_beton/02b/thumbnails/IMG_3186.jpg]
[www.sobczak.com.pl/img/realizacje/na_beton/02b/IMG_3187.jpg]
[www.sobczak.com.pl/img/realizacje/na_beton/02b/thumbnails/IMG_3187.jpg]
[www.sobczak.com.pl/img/realizacje/na_beton/02b/IMG_3188.jpg]
[www.sobczak.com.pl/img/realizacje/na_beton/02b/thumbnails/IMG_3188.jpg]
[www.sobczak.com.pl/img/realizacje/na_beton/02b/IMG_3189.jpg]
[www.sobczak.com.pl/img/realizacje/na_beton/02b/thumbnails/IMG_3189.jpg]
[www.sobczak.com.pl/img/realizacje/na_beton/02b/IMG_3190.jpg]
[www.sobczak.com.pl/img/realizacje/na_beton/02b/thumbnails/IMG_3190.jpg]
[www.sobczak.com.pl/img/realizacje/na_beton/02b/IMG_3192.jpg]
[www.sobczak.com.pl/img/realizacje/na_beton/02b/thumbnails/IMG_3192.jpg]
[www.sobczak.com.pl/img/realizacje/na_beton/02b/IMG_3193.jpg]
[www.sobczak.com.pl/img/realizacje/na_beton/02b/thumbnails/IMG_3193.jpg]
[www.sobczak.com.pl/img/realizacje/na_beton/02b/IMG_3194.jpg]
[www.sobczak.com.pl/img/realizacje/na_beton/02b/thumbnails/IMG_3194.jpg]
[www.sobczak.com.pl/img/realizacje/na_beton/02b/IMG_3195.jpg]
[www.sobczak.com.pl/img/realizacje/na_beton/02b/thumbnails/IMG_3195.jpg]
[www.sobczak.com.pl/img/realizacje/na_beton/02b/IMG_3196.jpg]
[www.sobczak.com.pl/img/realizacje/na_beton/02b/thumbnails/IMG_3196.jpg]
[www.sobczak.com.pl/img/realizacje/na_beton/02b/IMG_3199.jpg]
[www.sobczak.com.pl/img/realizacje/na_beton/02b/thumbnails/IMG_3199.jpg]
[www.sobczak.com.pl/img/realizacje/na_beton/02b/IMG_3202.jpg]
[www.sobczak.com.pl/img/realizacje/na_beton/02b/thumbnails/IMG_3202.jpg]
[www.sobczak.com.pl/img/realizacje/na_beton/02b/IMG_3205.jpg]
[www.sobczak.com.pl/img/realizacje/na_beton/02b/thumbnails/IMG_3205.jpg]
[www.sobczak.com.pl/img/realizacje/na_beton/02b/IMG_3209.jpg]
[www.sobczak.com.pl/galeria/schody-na-beton/02b.html]
[www.sobczak.com.pl/img/realizacje/na_beton/02b/thumbnails/IMG_3209.jpg]
[www.sobczak.com.pl/img/realizacje/na_beton/03b/img_3210.jpg]
[www.sobczak.com.pl/img/realizacje/na_beton/03b/thumbnails/img_3210.jpg]
[www.sobczak.com.pl/img/realizacje/na_beton/03b/img_3211.jpg]
[www.sobczak.com.pl/img/realizacje/na_beton/03b/thumbnails/img_3211.jpg]
[www.sobczak.com.pl/img/realizacje/na_beton/03b/img_3214.jpg]
[www.sobczak.com.pl/img/realizacje/na_beton/03b/thumbnails/img_3214.jpg]
[www.sobczak.com.pl/img/realizacje/na_beton/03b/img_3215.jpg]
[www.sobczak.com.pl/img/realizacje/na_beton/03b/thumbnails/img_3215.jpg]
[www.sobczak.com.pl/img/realizacje/na_beton/03b/img_3219.jpg]
[www.sobczak.com.pl/img/realizacje/na_beton/03b/thumbnails/img_3219.jpg]
[www.sobczak.com.pl/img/realizacje/na_beton/03b/img_3228.jpg]
[www.sobczak.com.pl/img/realizacje/na_beton/03b/thumbnails/img_3228.jpg]
[www.sobczak.com.pl/img/realizacje/na_beton/03b/img_3229.jpg]
[www.sobczak.com.pl/img/realizacje/na_beton/03b/thumbnails/img_3229.jpg]
[www.sobczak.com.pl/img/realizacje/na_beton/03b/primary.jpg]
[www.sobczak.com.pl/img/realizacje/na_beton/03b/thumbnails/primary.jpg]
[www.sobczak.com.pl/galeria/schody-na-beton/03b.html]
[www.sobczak.com.pl/img/realizacje/na_beton/04b/img_3230.jpg]
[www.sobczak.com.pl/img/realizacje/na_beton/04b/thumbnails/img_3230.jpg]
[www.sobczak.com.pl/img/realizacje/na_beton/04b/img_3231.jpg]
[www.sobczak.com.pl/img/realizacje/na_beton/04b/thumbnails/img_3231.jpg]
[www.sobczak.com.pl/img/realizacje/na_beton/04b/img_3232.jpg]
[www.sobczak.com.pl/img/realizacje/na_beton/04b/thumbnails/img_3232.jpg]
[www.sobczak.com.pl/img/realizacje/na_beton/04b/img_3233.jpg]
[www.sobczak.com.pl/img/realizacje/na_beton/04b/thumbnails/img_3233.jpg]
[www.sobczak.com.pl/img/realizacje/na_beton/04b/img_3234.jpg]
[www.sobczak.com.pl/img/realizacje/na_beton/04b/thumbnails/img_3234.jpg]
[www.sobczak.com.pl/img/realizacje/na_beton/04b/img_3236.jpg]
[www.sobczak.com.pl/img/realizacje/na_beton/04b/thumbnails/img_3236.jpg]
[www.sobczak.com.pl/img/realizacje/na_beton/04b/img_3243.jpg]
[www.sobczak.com.pl/img/realizacje/na_beton/04b/thumbnails/img_3243.jpg]
[www.sobczak.com.pl/img/realizacje/na_beton/04b/img_3244.jpg]
[www.sobczak.com.pl/img/realizacje/na_beton/04b/thumbnails/img_3244.jpg]
[www.sobczak.com.pl/img/realizacje/na_beton/04b/img_3245.jpg]
[www.sobczak.com.pl/img/realizacje/na_beton/04b/thumbnails/img_3245.jpg]
[www.sobczak.com.pl/img/realizacje/na_beton/04b/img_3246.jpg]
[www.sobczak.com.pl/img/realizacje/na_beton/04b/thumbnails/img_3246.jpg]
[www.sobczak.com.pl/img/realizacje/na_beton/04b/img_3247.jpg]
[www.sobczak.com.pl/img/realizacje/na_beton/04b/thumbnails/img_3247.jpg]
[www.sobczak.com.pl/img/realizacje/na_beton/04b/img_3248.jpg]
[www.sobczak.com.pl/img/realizacje/na_beton/04b/thumbnails/img_3248.jpg]
[www.sobczak.com.pl/img/realizacje/na_beton/04b/img_3249.jpg]
[www.sobczak.com.pl/img/realizacje/na_beton/04b/thumbnails/img_3249.jpg]
[www.sobczak.com.pl/img/realizacje/na_beton/04b/img_3251.jpg]
[www.sobczak.com.pl/img/realizacje/na_beton/04b/thumbnails/img_3251.jpg]
[www.sobczak.com.pl/img/realizacje/na_beton/04b/img_3252.jpg]
[www.sobczak.com.pl/img/realizacje/na_beton/04b/thumbnails/img_3252.jpg]
[www.sobczak.com.pl/img/realizacje/na_beton/04b/primary.jpg]
[www.sobczak.com.pl/img/realizacje/na_beton/04b/thumbnails/primary.jpg]
[www.sobczak.com.pl/galeria/schody-na-beton/04b.html]
[www.sobczak.com.pl/img/realizacje/na_beton/05b/primary.jpg]
[www.sobczak.com.pl/img/realizacje/na_beton/05b/thumbnails/primary.jpg]
[www.sobczak.com.pl/img/realizacje/na_beton/05b/schody_amperinio.jpg]
[www.sobczak.com.pl/img/realizacje/na_beton/05b/thumbnails/schody_amperinio.jpg]
[www.sobczak.com.pl/img/realizacje/na_beton/05b/schody_amperinio_(1).jpg]
[www.sobczak.com.pl/img/realizacje/na_beton/05b/thumbnails/schody_amperinio_(1).jpg]
[www.sobczak.com.pl/img/realizacje/na_beton/05b/schody_amperinio_(110).jpg]
[www.sobczak.com.pl/img/realizacje/na_beton/05b/thumbnails/schody_amperinio_(110).jpg]
[www.sobczak.com.pl/img/realizacje/na_beton/05b/schody_amperinio_(111).jpg]
[www.sobczak.com.pl/img/realizacje/na_beton/05b/thumbnails/schody_amperinio_(111).jpg]
[www.sobczak.com.pl/img/realizacje/na_beton/05b/schody_amperinio_(2).jpg]
[www.sobczak.com.pl/img/realizacje/na_beton/05b/thumbnails/schody_amperinio_(2).jpg]
[www.sobczak.com.pl/img/realizacje/na_beton/05b/schody_amperinio_(4).jpg]
[www.sobczak.com.pl/img/realizacje/na_beton/05b/thumbnails/schody_amperinio_(4).jpg]
[www.sobczak.com.pl/img/realizacje/na_beton/05b/schody_amperinio_(5).jpg]
[www.sobczak.com.pl/img/realizacje/na_beton/05b/thumbnails/schody_amperinio_(5).jpg]
[www.sobczak.com.pl/img/realizacje/na_beton/05b/schody_amperinio_(6).jpg]
[www.sobczak.com.pl/img/realizacje/na_beton/05b/thumbnails/schody_amperinio_(6).jpg]
[www.sobczak.com.pl/img/realizacje/na_beton/05b/schody_amperinio_(7).jpg]
[www.sobczak.com.pl/img/realizacje/na_beton/05b/thumbnails/schody_amperinio_(7).jpg]
[www.sobczak.com.pl/img/realizacje/na_beton/05b/schody_amperinio_(8).jpg]
[www.sobczak.com.pl/img/realizacje/na_beton/05b/thumbnails/schody_amperinio_(8).jpg]
[www.sobczak.com.pl/img/realizacje/na_beton/05b/schody_amperinio_(9).jpg]
[www.sobczak.com.pl/img/realizacje/na_beton/05b/thumbnails/schody_amperinio_(9).jpg]
[www.sobczak.com.pl/galeria/schody-na-beton/05b.html]
[www.sobczak.com.pl/img/realizacje/na_beton/06b/primary.jpg]
[www.sobczak.com.pl/img/realizacje/na_beton/06b/thumbnails/primary.jpg]
[www.sobczak.com.pl/img/realizacje/na_beton/06b/schody_amperinio_(20).jpg]
[www.sobczak.com.pl/img/realizacje/na_beton/06b/thumbnails/schody_amperinio_(20).jpg]
[www.sobczak.com.pl/img/realizacje/na_beton/06b/schody_amperinio_(21).jpg]
[www.sobczak.com.pl/img/realizacje/na_beton/06b/thumbnails/schody_amperinio_(21).jpg]
[www.sobczak.com.pl/img/realizacje/na_beton/06b/schody_amperinio_(22).jpg]
[www.sobczak.com.pl/img/realizacje/na_beton/06b/thumbnails/schody_amperinio_(22).jpg]
[www.sobczak.com.pl/img/realizacje/na_beton/06b/schody_amperinio_(23).jpg]
[www.sobczak.com.pl/img/realizacje/na_beton/06b/thumbnails/schody_amperinio_(23).jpg]
[www.sobczak.com.pl/img/realizacje/na_beton/06b/schody_amperinio_(24).jpg]
[www.sobczak.com.pl/img/realizacje/na_beton/06b/thumbnails/schody_amperinio_(24).jpg]
[www.sobczak.com.pl/img/realizacje/na_beton/06b/schody_amperinio_(25).jpg]
[www.sobczak.com.pl/img/realizacje/na_beton/06b/thumbnails/schody_amperinio_(25).jpg]
[www.sobczak.com.pl/img/realizacje/na_beton/06b/schody_amperinio_(26).jpg]
[www.sobczak.com.pl/img/realizacje/na_beton/06b/thumbnails/schody_amperinio_(26).jpg]
[www.sobczak.com.pl/img/realizacje/na_beton/06b/schody_amperinio_(27).jpg]
[www.sobczak.com.pl/img/realizacje/na_beton/06b/thumbnails/schody_amperinio_(27).jpg]
[www.sobczak.com.pl/img/realizacje/na_beton/06b/schody_amperinio_(28).jpg]
[www.sobczak.com.pl/img/realizacje/na_beton/06b/thumbnails/schody_amperinio_(28).jpg]
[www.sobczak.com.pl/img/realizacje/na_beton/06b/schody_amperinio_(29).jpg]
[www.sobczak.com.pl/img/realizacje/na_beton/06b/thumbnails/schody_amperinio_(29).jpg]
[www.sobczak.com.pl/img/realizacje/na_beton/06b/schody_amperinio_(31).jpg]
[www.sobczak.com.pl/img/realizacje/na_beton/06b/thumbnails/schody_amperinio_(31).jpg]
[www.sobczak.com.pl/img/realizacje/na_beton/06b/schody_amperinio_(32).jpg]
[www.sobczak.com.pl/img/realizacje/na_beton/06b/thumbnails/schody_amperinio_(32).jpg]
[www.sobczak.com.pl/galeria/schody-na-beton/06b.html]
[www.sobczak.com.pl/img/realizacje/na_beton/07b/schody_amperinio_(42).jpg]
[www.sobczak.com.pl/img/realizacje/na_beton/07b/thumbnails/schody_amperinio_(42).jpg]
[www.sobczak.com.pl/img/realizacje/na_beton/07b/schody_amperinio_(43).jpg]
[www.sobczak.com.pl/img/realizacje/na_beton/07b/thumbnails/schody_amperinio_(43).jpg]
[www.sobczak.com.pl/img/realizacje/na_beton/07b/schody_amperinio_(44).jpg]
[www.sobczak.com.pl/img/realizacje/na_beton/07b/thumbnails/schody_amperinio_(44).jpg]
[www.sobczak.com.pl/img/realizacje/na_beton/07b/schody_amperinio_(46).jpg]
[www.sobczak.com.pl/img/realizacje/na_beton/07b/thumbnails/schody_amperinio_(46).jpg]
[www.sobczak.com.pl/img/realizacje/na_beton/07b/schody_amperinio_(47).jpg]
[www.sobczak.com.pl/img/realizacje/na_beton/07b/thumbnails/schody_amperinio_(47).jpg]
[www.sobczak.com.pl/img/realizacje/na_beton/07b/schody_amperinio_(48).jpg]
[www.sobczak.com.pl/img/realizacje/na_beton/07b/thumbnails/schody_amperinio_(48).jpg]
[www.sobczak.com.pl/img/realizacje/na_beton/07b/schody_amperinio_(49).jpg]
[www.sobczak.com.pl/img/realizacje/na_beton/07b/thumbnails/schody_amperinio_(49).jpg]
[www.sobczak.com.pl/img/realizacje/na_beton/07b/schody_amperinio_(50).jpg]
[www.sobczak.com.pl/img/realizacje/na_beton/07b/thumbnails/schody_amperinio_(50).jpg]
[www.sobczak.com.pl/img/realizacje/na_beton/07b/schody_amperinio_(51).jpg]
[www.sobczak.com.pl/img/realizacje/na_beton/07b/thumbnails/schody_amperinio_(51).jpg]
[www.sobczak.com.pl/img/realizacje/na_beton/07b/schody_amperinio_(52).jpg]
[www.sobczak.com.pl/img/realizacje/na_beton/07b/thumbnails/schody_amperinio_(52).jpg]
[www.sobczak.com.pl/img/realizacje/na_beton/07b/schody_amperinio_(53).jpg]
[www.sobczak.com.pl/img/realizacje/na_beton/07b/thumbnails/schody_amperinio_(53).jpg]
[www.sobczak.com.pl/galeria/schody-na-beton/07b.html]
[www.sobczak.com.pl/img/realizacje/na_beton/08b/img_4989.jpg]
[www.sobczak.com.pl/img/realizacje/na_beton/08b/thumbnails/img_4989.jpg]
[www.sobczak.com.pl/img/realizacje/na_beton/08b/img_4998.jpg]
[www.sobczak.com.pl/img/realizacje/na_beton/08b/thumbnails/img_4998.jpg]
[www.sobczak.com.pl/img/realizacje/na_beton/08b/img_4999.jpg]
[www.sobczak.com.pl/img/realizacje/na_beton/08b/thumbnails/img_4999.jpg]
[www.sobczak.com.pl/img/realizacje/na_beton/08b/img_5003.jpg]
[www.sobczak.com.pl/img/realizacje/na_beton/08b/thumbnails/img_5003.jpg]
[www.sobczak.com.pl/img/realizacje/na_beton/08b/img_5007.jpg]
[www.sobczak.com.pl/img/realizacje/na_beton/08b/thumbnails/img_5007.jpg]
[www.sobczak.com.pl/img/realizacje/na_beton/08b/img_5008.jpg]
[www.sobczak.com.pl/img/realizacje/na_beton/08b/thumbnails/img_5008.jpg]
[www.sobczak.com.pl/img/realizacje/na_beton/08b/img_5009.jpg]
[www.sobczak.com.pl/img/realizacje/na_beton/08b/thumbnails/img_5009.jpg]
[www.sobczak.com.pl/img/realizacje/na_beton/08b/img_5010.jpg]
[www.sobczak.com.pl/img/realizacje/na_beton/08b/thumbnails/img_5010.jpg]
[www.sobczak.com.pl/img/realizacje/na_beton/08b/img_5011.jpg]
[www.sobczak.com.pl/img/realizacje/na_beton/08b/thumbnails/img_5011.jpg]
[www.sobczak.com.pl/img/realizacje/na_beton/08b/img_5012.jpg]
[www.sobczak.com.pl/img/realizacje/na_beton/08b/thumbnails/img_5012.jpg]
[www.sobczak.com.pl/img/realizacje/na_beton/08b/img_5014.jpg]
[www.sobczak.com.pl/img/realizacje/na_beton/08b/thumbnails/img_5014.jpg]
[www.sobczak.com.pl/img/realizacje/na_beton/08b/primary.jpg]
[www.sobczak.com.pl/img/realizacje/na_beton/08b/thumbnails/primary.jpg]
[www.sobczak.com.pl/galeria/schody-na-beton/08b.html]
[www.sobczak.com.pl/img/realizacje/samonosne/01s/img_3096.jpg]
[www.sobczak.com.pl/img/realizacje/samonosne/01s/thumbnails/img_3096.jpg]
[www.sobczak.com.pl/img/realizacje/samonosne/01s/img_3099.jpg]
[www.sobczak.com.pl/img/realizacje/samonosne/01s/thumbnails/img_3099.jpg]
[www.sobczak.com.pl/img/realizacje/samonosne/01s/img_3102.jpg]
[www.sobczak.com.pl/img/realizacje/samonosne/01s/thumbnails/img_3102.jpg]
[www.sobczak.com.pl/img/realizacje/samonosne/01s/img_3105.jpg]
[www.sobczak.com.pl/img/realizacje/samonosne/01s/thumbnails/img_3105.jpg]
[www.sobczak.com.pl/img/realizacje/samonosne/01s/img_3106.jpg]
[www.sobczak.com.pl/img/realizacje/samonosne/01s/thumbnails/img_3106.jpg]
[www.sobczak.com.pl/img/realizacje/samonosne/01s/img_3109.jpg]
[www.sobczak.com.pl/img/realizacje/samonosne/01s/thumbnails/img_3109.jpg]
[www.sobczak.com.pl/img/realizacje/samonosne/01s/img_3110.jpg]
[www.sobczak.com.pl/img/realizacje/samonosne/01s/thumbnails/img_3110.jpg]
[www.sobczak.com.pl/img/realizacje/samonosne/01s/img_3112.jpg]
[www.sobczak.com.pl/img/realizacje/samonosne/01s/thumbnails/img_3112.jpg]
[www.sobczak.com.pl/img/realizacje/samonosne/01s/img_3113.jpg]
[www.sobczak.com.pl/img/realizacje/samonosne/01s/thumbnails/img_3113.jpg]
[www.sobczak.com.pl/img/realizacje/samonosne/01s/img_3115.jpg]
[www.sobczak.com.pl/img/realizacje/samonosne/01s/thumbnails/img_3115.jpg]
[www.sobczak.com.pl/galeria/schody-samonosne/01s.html]
[www.sobczak.com.pl/img/realizacje/samonosne/02s/img_3139.jpg]
[www.sobczak.com.pl/img/realizacje/samonosne/02s/thumbnails/img_3139.jpg]
[www.sobczak.com.pl/img/realizacje/samonosne/02s/img_3140.jpg]
[www.sobczak.com.pl/img/realizacje/samonosne/02s/thumbnails/img_3140.jpg]
[www.sobczak.com.pl/img/realizacje/samonosne/02s/img_3141.jpg]
[www.sobczak.com.pl/img/realizacje/samonosne/02s/thumbnails/img_3141.jpg]
[www.sobczak.com.pl/img/realizacje/samonosne/02s/img_3142.jpg]
[www.sobczak.com.pl/img/realizacje/samonosne/02s/thumbnails/img_3142.jpg]
[www.sobczak.com.pl/img/realizacje/samonosne/02s/img_3143.jpg]
[www.sobczak.com.pl/img/realizacje/samonosne/02s/thumbnails/img_3143.jpg]
[www.sobczak.com.pl/img/realizacje/samonosne/02s/img_3146.jpg]
[www.sobczak.com.pl/img/realizacje/samonosne/02s/thumbnails/img_3146.jpg]
[www.sobczak.com.pl/img/realizacje/samonosne/02s/img_3147.jpg]
[www.sobczak.com.pl/img/realizacje/samonosne/02s/thumbnails/img_3147.jpg]
[www.sobczak.com.pl/img/realizacje/samonosne/02s/img_3148.jpg]
[www.sobczak.com.pl/img/realizacje/samonosne/02s/thumbnails/img_3148.jpg]
[www.sobczak.com.pl/img/realizacje/samonosne/02s/img_3151.jpg]
[www.sobczak.com.pl/img/realizacje/samonosne/02s/thumbnails/img_3151.jpg]
[www.sobczak.com.pl/img/realizacje/samonosne/02s/img_3152.jpg]
[www.sobczak.com.pl/img/realizacje/samonosne/02s/thumbnails/img_3152.jpg]
[www.sobczak.com.pl/galeria/schody-samonosne/02s.html]
[www.sobczak.com.pl/img/realizacje/samonosne/03s/img_0399.jpg]
[www.sobczak.com.pl/img/realizacje/samonosne/03s/thumbnails/img_0399.jpg]
[www.sobczak.com.pl/img/realizacje/samonosne/03s/img_0401.jpg]
[www.sobczak.com.pl/img/realizacje/samonosne/03s/thumbnails/img_0401.jpg]
[www.sobczak.com.pl/img/realizacje/samonosne/03s/img_0402.jpg]
[www.sobczak.com.pl/img/realizacje/samonosne/03s/thumbnails/img_0402.jpg]
[www.sobczak.com.pl/img/realizacje/samonosne/03s/img_0403.jpg]
[www.sobczak.com.pl/img/realizacje/samonosne/03s/thumbnails/img_0403.jpg]
[www.sobczak.com.pl/img/realizacje/samonosne/03s/img_0405.jpg]
[www.sobczak.com.pl/img/realizacje/samonosne/03s/thumbnails/img_0405.jpg]
[www.sobczak.com.pl/img/realizacje/samonosne/03s/img_0407.jpg]
[www.sobczak.com.pl/img/realizacje/samonosne/03s/thumbnails/img_0407.jpg]
[www.sobczak.com.pl/img/realizacje/samonosne/03s/img_0409.jpg]
[www.sobczak.com.pl/img/realizacje/samonosne/03s/thumbnails/img_0409.jpg]
[www.sobczak.com.pl/img/realizacje/samonosne/03s/img_0411.jpg]
[www.sobczak.com.pl/img/realizacje/samonosne/03s/thumbnails/img_0411.jpg]
[www.sobczak.com.pl/img/realizacje/samonosne/03s/img_0412.jpg]
[www.sobczak.com.pl/img/realizacje/samonosne/03s/thumbnails/img_0412.jpg]
[www.sobczak.com.pl/img/realizacje/samonosne/03s/schody_amperinio_(10).jpg]
[www.sobczak.com.pl/img/realizacje/samonosne/03s/thumbnails/schody_amperinio_(10).jpg]
[www.sobczak.com.pl/img/realizacje/samonosne/03s/schody_amperinio_(11).jpg]
[www.sobczak.com.pl/img/realizacje/samonosne/03s/thumbnails/schody_amperinio_(11).jpg]
[www.sobczak.com.pl/img/realizacje/samonosne/03s/schody_amperinio_(12).jpg]
[www.sobczak.com.pl/img/realizacje/samonosne/03s/thumbnails/schody_amperinio_(12).jpg]
[www.sobczak.com.pl/img/realizacje/samonosne/03s/schody_amperinio_(13).jpg]
[www.sobczak.com.pl/img/realizacje/samonosne/03s/thumbnails/schody_amperinio_(13).jpg]
[www.sobczak.com.pl/img/realizacje/samonosne/03s/schody_amperinio_(14).jpg]
[www.sobczak.com.pl/img/realizacje/samonosne/03s/thumbnails/schody_amperinio_(14).jpg]
[www.sobczak.com.pl/img/realizacje/samonosne/03s/schody_amperinio_(15).jpg]
[www.sobczak.com.pl/img/realizacje/samonosne/03s/thumbnails/schody_amperinio_(15).jpg]
[www.sobczak.com.pl/img/realizacje/samonosne/03s/schody_amperinio_(16).jpg]
[www.sobczak.com.pl/img/realizacje/samonosne/03s/thumbnails/schody_amperinio_(16).jpg]
[www.sobczak.com.pl/img/realizacje/samonosne/03s/schody_amperinio_(17).jpg]
[www.sobczak.com.pl/img/realizacje/samonosne/03s/thumbnails/schody_amperinio_(17).jpg]
[www.sobczak.com.pl/img/realizacje/samonosne/03s/schody_amperinio_(18).jpg]
[www.sobczak.com.pl/img/realizacje/samonosne/03s/thumbnails/schody_amperinio_(18).jpg]
[www.sobczak.com.pl/img/realizacje/samonosne/03s/schody_amperinio_(19).jpg]
[www.sobczak.com.pl/img/realizacje/samonosne/03s/thumbnails/schody_amperinio_(19).jpg]
[www.sobczak.com.pl/galeria/schody-samonosne/03s.html]
[www.sobczak.com.pl/img/realizacje/samonosne/04s/01.jpg]
[www.sobczak.com.pl/img/realizacje/samonosne/04s/thumbnails/01.jpg]
[www.sobczak.com.pl/img/realizacje/samonosne/04s/02.jpg]
[www.sobczak.com.pl/img/realizacje/samonosne/04s/thumbnails/02.jpg]
[www.sobczak.com.pl/img/realizacje/samonosne/04s/03.jpg]
[www.sobczak.com.pl/img/realizacje/samonosne/04s/thumbnails/03.jpg]
[www.sobczak.com.pl/img/realizacje/samonosne/04s/04.jpg]
[www.sobczak.com.pl/img/realizacje/samonosne/04s/thumbnails/04.jpg]
[www.sobczak.com.pl/img/realizacje/samonosne/04s/05.jpg]
[www.sobczak.com.pl/img/realizacje/samonosne/04s/thumbnails/05.jpg]
[www.sobczak.com.pl/img/realizacje/samonosne/04s/06.jpg]
[www.sobczak.com.pl/img/realizacje/samonosne/04s/thumbnails/06.jpg]
[www.sobczak.com.pl/img/realizacje/samonosne/04s/07.jpg]
[www.sobczak.com.pl/img/realizacje/samonosne/04s/thumbnails/07.jpg]
[www.sobczak.com.pl/img/realizacje/samonosne/04s/08.jpg]
[www.sobczak.com.pl/img/realizacje/samonosne/04s/thumbnails/08.jpg]
[www.sobczak.com.pl/img/realizacje/samonosne/04s/09.jpg]
[www.sobczak.com.pl/img/realizacje/samonosne/04s/thumbnails/09.jpg]
[www.sobczak.com.pl/img/realizacje/samonosne/04s/10.jpg]
[www.sobczak.com.pl/img/realizacje/samonosne/04s/thumbnails/10.jpg]
[www.sobczak.com.pl/img/realizacje/samonosne/04s/11.jpg]
[www.sobczak.com.pl/img/realizacje/samonosne/04s/thumbnails/11.jpg]
[www.sobczak.com.pl/img/realizacje/samonosne/04s/12.jpg]
[www.sobczak.com.pl/img/realizacje/samonosne/04s/thumbnails/12.jpg]
[www.sobczak.com.pl/img/realizacje/samonosne/04s/13.jpg]
[www.sobczak.com.pl/img/realizacje/samonosne/04s/thumbnails/13.jpg]
[www.sobczak.com.pl/img/realizacje/samonosne/04s/14.jpg]
[www.sobczak.com.pl/img/realizacje/samonosne/04s/thumbnails/14.jpg]
[www.sobczak.com.pl/img/realizacje/samonosne/04s/15.jpg]
[www.sobczak.com.pl/img/realizacje/samonosne/04s/thumbnails/15.jpg]
[www.sobczak.com.pl/img/realizacje/samonosne/04s/16.jpg]
[www.sobczak.com.pl/img/realizacje/samonosne/04s/thumbnails/16.jpg]
[www.sobczak.com.pl/img/realizacje/samonosne/04s/17.jpg]
[www.sobczak.com.pl/img/realizacje/samonosne/04s/thumbnails/17.jpg]
[www.sobczak.com.pl/galeria/schody-samonosne/04s.html]
[www.sobczak.com.pl/img/realizacje/samonosne/05s/img_3154.jpg]
[www.sobczak.com.pl/img/realizacje/samonosne/05s/thumbnails/img_3154.jpg]
[www.sobczak.com.pl/img/realizacje/samonosne/05s/img_3156.jpg]
[www.sobczak.com.pl/img/realizacje/samonosne/05s/thumbnails/img_3156.jpg]
[www.sobczak.com.pl/img/realizacje/samonosne/05s/img_3157.jpg]
[www.sobczak.com.pl/img/realizacje/samonosne/05s/thumbnails/img_3157.jpg]
[www.sobczak.com.pl/img/realizacje/samonosne/05s/img_3158.jpg]
[www.sobczak.com.pl/img/realizacje/samonosne/05s/thumbnails/img_3158.jpg]
[www.sobczak.com.pl/img/realizacje/samonosne/05s/img_3159.jpg]
[www.sobczak.com.pl/img/realizacje/samonosne/05s/thumbnails/img_3159.jpg]
[www.sobczak.com.pl/img/realizacje/samonosne/05s/img_3160.jpg]
[www.sobczak.com.pl/img/realizacje/samonosne/05s/thumbnails/img_3160.jpg]
[www.sobczak.com.pl/img/realizacje/samonosne/05s/img_3161.jpg]
[www.sobczak.com.pl/img/realizacje/samonosne/05s/thumbnails/img_3161.jpg]
[www.sobczak.com.pl/img/realizacje/samonosne/05s/img_3162.jpg]
[www.sobczak.com.pl/img/realizacje/samonosne/05s/thumbnails/img_3162.jpg]
[www.sobczak.com.pl/img/realizacje/samonosne/05s/img_3163.jpg]
[www.sobczak.com.pl/img/realizacje/samonosne/05s/thumbnails/img_3163.jpg]
[www.sobczak.com.pl/img/realizacje/samonosne/05s/img_3165.jpg]
[www.sobczak.com.pl/img/realizacje/samonosne/05s/thumbnails/img_3165.jpg]
[www.sobczak.com.pl/img/realizacje/samonosne/05s/img_3166.jpg]
[www.sobczak.com.pl/img/realizacje/samonosne/05s/thumbnails/img_3166.jpg]
[www.sobczak.com.pl/img/realizacje/samonosne/05s/img_3167.jpg]
[www.sobczak.com.pl/img/realizacje/samonosne/05s/thumbnails/img_3167.jpg]
[www.sobczak.com.pl/img/realizacje/samonosne/05s/img_3168.jpg]
[www.sobczak.com.pl/img/realizacje/samonosne/05s/thumbnails/img_3168.jpg]
[www.sobczak.com.pl/img/realizacje/samonosne/05s/img_3169.jpg]
[www.sobczak.com.pl/img/realizacje/samonosne/05s/thumbnails/img_3169.jpg]
[www.sobczak.com.pl/galeria/schody-samonosne/05s.html]
[www.sobczak.com.pl/img/realizacje/samonosne/06s/schody_amperinio_(34).jpg]
[www.sobczak.com.pl/img/realizacje/samonosne/06s/thumbnails/schody_amperinio_(34).jpg]
[www.sobczak.com.pl/img/realizacje/samonosne/06s/schody_amperinio_(35).jpg]
[www.sobczak.com.pl/img/realizacje/samonosne/06s/thumbnails/schody_amperinio_(35).jpg]
[www.sobczak.com.pl/img/realizacje/samonosne/06s/schody_amperinio_(36).jpg]
[www.sobczak.com.pl/img/realizacje/samonosne/06s/thumbnails/schody_amperinio_(36).jpg]
[www.sobczak.com.pl/img/realizacje/samonosne/06s/schody_amperinio_(37).jpg]
[www.sobczak.com.pl/img/realizacje/samonosne/06s/thumbnails/schody_amperinio_(37).jpg]
[www.sobczak.com.pl/img/realizacje/samonosne/06s/schody_amperinio_(38).jpg]
[www.sobczak.com.pl/img/realizacje/samonosne/06s/thumbnails/schody_amperinio_(38).jpg]
[www.sobczak.com.pl/img/realizacje/samonosne/06s/schody_amperinio_(39).jpg]
[www.sobczak.com.pl/img/realizacje/samonosne/06s/thumbnails/schody_amperinio_(39).jpg]
[www.sobczak.com.pl/img/realizacje/samonosne/06s/schody_amperinio_(40).jpg]
[www.sobczak.com.pl/img/realizacje/samonosne/06s/thumbnails/schody_amperinio_(40).jpg]
[www.sobczak.com.pl/img/realizacje/samonosne/06s/schody_amperinio_(41).jpg]
[www.sobczak.com.pl/img/realizacje/samonosne/06s/thumbnails/schody_amperinio_(41).jpg]
[www.sobczak.com.pl/galeria/schody-samonosne/06s.html]
[www.sobczak.com.pl/img/realizacje/samonosne/07s/schody_amperinio_(54).jpg]
[www.sobczak.com.pl/img/realizacje/samonosne/07s/thumbnails/schody_amperinio_(54).jpg]
[www.sobczak.com.pl/img/realizacje/samonosne/07s/schody_amperinio_(55).jpg]
[www.sobczak.com.pl/img/realizacje/samonosne/07s/thumbnails/schody_amperinio_(55).jpg]
[www.sobczak.com.pl/img/realizacje/samonosne/07s/schody_amperinio_(56).jpg]
[www.sobczak.com.pl/img/realizacje/samonosne/07s/thumbnails/schody_amperinio_(56).jpg]
[www.sobczak.com.pl/img/realizacje/samonosne/07s/schody_amperinio_(57).jpg]
[www.sobczak.com.pl/img/realizacje/samonosne/07s/thumbnails/schody_amperinio_(57).jpg]
[www.sobczak.com.pl/img/realizacje/samonosne/07s/schody_amperinio_(58).jpg]
[www.sobczak.com.pl/img/realizacje/samonosne/07s/thumbnails/schody_amperinio_(58).jpg]
[www.sobczak.com.pl/img/realizacje/samonosne/07s/schody_amperinio_(59).jpg]
[www.sobczak.com.pl/img/realizacje/samonosne/07s/thumbnails/schody_amperinio_(59).jpg]
[www.sobczak.com.pl/img/realizacje/samonosne/07s/schody_amperinio_(60).jpg]
[www.sobczak.com.pl/img/realizacje/samonosne/07s/thumbnails/schody_amperinio_(60).jpg]
[www.sobczak.com.pl/img/realizacje/samonosne/07s/schody_amperinio_(61).jpg]
[www.sobczak.com.pl/img/realizacje/samonosne/07s/thumbnails/schody_amperinio_(61).jpg]
[www.sobczak.com.pl/img/realizacje/samonosne/07s/schody_amperinio_(62).jpg]
[www.sobczak.com.pl/img/realizacje/samonosne/07s/thumbnails/schody_amperinio_(62).jpg]
[www.sobczak.com.pl/galeria/schody-samonosne/07s.html]
[www.sobczak.com.pl/img/realizacje/samonosne/08s/schody_amperinio_(63).jpg]
[www.sobczak.com.pl/img/realizacje/samonosne/08s/thumbnails/schody_amperinio_(63).jpg]
[www.sobczak.com.pl/img/realizacje/samonosne/08s/schody_amperinio_(64).jpg]
[www.sobczak.com.pl/img/realizacje/samonosne/08s/thumbnails/schody_amperinio_(64).jpg]
[www.sobczak.com.pl/img/realizacje/samonosne/08s/schody_amperinio_(65).jpg]
[www.sobczak.com.pl/img/realizacje/samonosne/08s/thumbnails/schody_amperinio_(65).jpg]
[www.sobczak.com.pl/img/realizacje/samonosne/08s/schody_amperinio_(66).jpg]
[www.sobczak.com.pl/img/realizacje/samonosne/08s/thumbnails/schody_amperinio_(66).jpg]
[www.sobczak.com.pl/img/realizacje/samonosne/08s/schody_amperinio_(67).jpg]
[www.sobczak.com.pl/img/realizacje/samonosne/08s/thumbnails/schody_amperinio_(67).jpg]
[www.sobczak.com.pl/img/realizacje/samonosne/08s/schody_amperinio_(68).jpg]
[www.sobczak.com.pl/img/realizacje/samonosne/08s/thumbnails/schody_amperinio_(68).jpg]
[www.sobczak.com.pl/img/realizacje/samonosne/08s/schody_amperinio_(69).jpg]
[www.sobczak.com.pl/img/realizacje/samonosne/08s/thumbnails/schody_amperinio_(69).jpg]
[www.sobczak.com.pl/img/realizacje/samonosne/08s/schody_amperinio_(70).jpg]
[www.sobczak.com.pl/img/realizacje/samonosne/08s/thumbnails/schody_amperinio_(70).jpg]
[www.sobczak.com.pl/img/realizacje/samonosne/08s/schody_amperinio_(71).jpg]
[www.sobczak.com.pl/img/realizacje/samonosne/08s/thumbnails/schody_amperinio_(71).jpg]
[www.sobczak.com.pl/img/realizacje/samonosne/08s/schody_amperinio_(72).jpg]
[www.sobczak.com.pl/img/realizacje/samonosne/08s/thumbnails/schody_amperinio_(72).jpg]
[www.sobczak.com.pl/galeria/schody-samonosne/08s.html]
[www.sobczak.com.pl/img/realizacje/samonosne/09s/schody_amperinio_(73).jpg]
[www.sobczak.com.pl/img/realizacje/samonosne/09s/thumbnails/schody_amperinio_(73).jpg]
[www.sobczak.com.pl/img/realizacje/samonosne/09s/schody_amperinio_(74).jpg]
[www.sobczak.com.pl/img/realizacje/samonosne/09s/thumbnails/schody_amperinio_(74).jpg]
[www.sobczak.com.pl/img/realizacje/samonosne/09s/schody_amperinio_(75).jpg]
[www.sobczak.com.pl/img/realizacje/samonosne/09s/thumbnails/schody_amperinio_(75).jpg]
[www.sobczak.com.pl/img/realizacje/samonosne/09s/schody_amperinio_(76).jpg]
[www.sobczak.com.pl/img/realizacje/samonosne/09s/thumbnails/schody_amperinio_(76).jpg]
[www.sobczak.com.pl/img/realizacje/samonosne/09s/schody_amperinio_(77).jpg]
[www.sobczak.com.pl/img/realizacje/samonosne/09s/thumbnails/schody_amperinio_(77).jpg]
[www.sobczak.com.pl/img/realizacje/samonosne/09s/schody_amperinio_(78).jpg]
[www.sobczak.com.pl/img/realizacje/samonosne/09s/thumbnails/schody_amperinio_(78).jpg]
[www.sobczak.com.pl/img/realizacje/samonosne/09s/schody_amperinio_(79).jpg]
[www.sobczak.com.pl/img/realizacje/samonosne/09s/thumbnails/schody_amperinio_(79).jpg]
[www.sobczak.com.pl/img/realizacje/samonosne/09s/schody_amperinio_(80).jpg]
[www.sobczak.com.pl/img/realizacje/samonosne/09s/thumbnails/schody_amperinio_(80).jpg]
[www.sobczak.com.pl/img/realizacje/samonosne/09s/schody_amperinio_(81).jpg]
[www.sobczak.com.pl/img/realizacje/samonosne/09s/thumbnails/schody_amperinio_(81).jpg]
[www.sobczak.com.pl/img/realizacje/samonosne/09s/schody_amperinio_(82).jpg]
[www.sobczak.com.pl/img/realizacje/samonosne/09s/thumbnails/schody_amperinio_(82).jpg]
[www.sobczak.com.pl/img/realizacje/samonosne/09s/schody_amperinio_(83).jpg]
[www.sobczak.com.pl/img/realizacje/samonosne/09s/thumbnails/schody_amperinio_(83).jpg]
[www.sobczak.com.pl/img/realizacje/samonosne/09s/schody_amperinio_(84).jpg]
[www.sobczak.com.pl/img/realizacje/samonosne/09s/thumbnails/schody_amperinio_(84).jpg]
[www.sobczak.com.pl/img/realizacje/samonosne/09s/schody_amperinio_(89).jpg]
[www.sobczak.com.pl/img/realizacje/samonosne/09s/thumbnails/schody_amperinio_(89).jpg]
[www.sobczak.com.pl/galeria/schody-samonosne/09s.html]
[www.sobczak.com.pl/img/realizacje/samonosne/10s/schody_amperinio_(90).jpg]
[www.sobczak.com.pl/img/realizacje/samonosne/10s/thumbnails/schody_amperinio_(90).jpg]
[www.sobczak.com.pl/img/realizacje/samonosne/10s/schody_amperinio_(91).jpg]
[www.sobczak.com.pl/img/realizacje/samonosne/10s/thumbnails/schody_amperinio_(91).jpg]
[www.sobczak.com.pl/img/realizacje/samonosne/10s/schody_amperinio_(92).jpg]
[www.sobczak.com.pl/img/realizacje/samonosne/10s/thumbnails/schody_amperinio_(92).jpg]
[www.sobczak.com.pl/img/realizacje/samonosne/10s/schody_amperinio_(93).jpg]
[www.sobczak.com.pl/img/realizacje/samonosne/10s/thumbnails/schody_amperinio_(93).jpg]
[www.sobczak.com.pl/img/realizacje/samonosne/10s/schody_amperinio_(94).jpg]
[www.sobczak.com.pl/img/realizacje/samonosne/10s/thumbnails/schody_amperinio_(94).jpg]
[www.sobczak.com.pl/img/realizacje/samonosne/10s/schody_amperinio_(95).jpg]
[www.sobczak.com.pl/img/realizacje/samonosne/10s/thumbnails/schody_amperinio_(95).jpg]
[www.sobczak.com.pl/img/realizacje/samonosne/10s/schody_amperinio_(96).jpg]
[www.sobczak.com.pl/img/realizacje/samonosne/10s/thumbnails/schody_amperinio_(96).jpg]
[www.sobczak.com.pl/img/realizacje/samonosne/10s/schody_amperinio_(97).jpg]
[www.sobczak.com.pl/img/realizacje/samonosne/10s/thumbnails/schody_amperinio_(97).jpg]
[www.sobczak.com.pl/img/realizacje/samonosne/10s/schody_amperinio_(98).jpg]
[www.sobczak.com.pl/img/realizacje/samonosne/10s/thumbnails/schody_amperinio_(98).jpg]
[www.sobczak.com.pl/galeria/schody-samonosne/10s.html]
[www.sobczak.com.pl/img/realizacje/samonosne/11s/schody_amperinio_(100).jpg]
[www.sobczak.com.pl/img/realizacje/samonosne/11s/thumbnails/schody_amperinio_(100).jpg]
[www.sobczak.com.pl/img/realizacje/samonosne/11s/schody_amperinio_(101).jpg]
[www.sobczak.com.pl/img/realizacje/samonosne/11s/thumbnails/schody_amperinio_(101).jpg]
[www.sobczak.com.pl/img/realizacje/samonosne/11s/schody_amperinio_(102).jpg]
[www.sobczak.com.pl/img/realizacje/samonosne/11s/thumbnails/schody_amperinio_(102).jpg]
[www.sobczak.com.pl/img/realizacje/samonosne/11s/schody_amperinio_(103).jpg]
[www.sobczak.com.pl/img/realizacje/samonosne/11s/thumbnails/schody_amperinio_(103).jpg]
[www.sobczak.com.pl/img/realizacje/samonosne/11s/schody_amperinio_(104).jpg]
[www.sobczak.com.pl/img/realizacje/samonosne/11s/thumbnails/schody_amperinio_(104).jpg]
[www.sobczak.com.pl/img/realizacje/samonosne/11s/schody_amperinio_(105).jpg]
[www.sobczak.com.pl/img/realizacje/samonosne/11s/thumbnails/schody_amperinio_(105).jpg]
[www.sobczak.com.pl/img/realizacje/samonosne/11s/schody_amperinio_(106).jpg]
[www.sobczak.com.pl/img/realizacje/samonosne/11s/thumbnails/schody_amperinio_(106).jpg]
[www.sobczak.com.pl/img/realizacje/samonosne/11s/schody_amperinio_(107).jpg]
[www.sobczak.com.pl/img/realizacje/samonosne/11s/thumbnails/schody_amperinio_(107).jpg]
[www.sobczak.com.pl/img/realizacje/samonosne/11s/schody_amperinio_(108).jpg]
[www.sobczak.com.pl/img/realizacje/samonosne/11s/thumbnails/schody_amperinio_(108).jpg]
[www.sobczak.com.pl/img/realizacje/samonosne/11s/schody_amperinio_(109).jpg]
[www.sobczak.com.pl/img/realizacje/samonosne/11s/thumbnails/schody_amperinio_(109).jpg]
[www.sobczak.com.pl/img/realizacje/samonosne/11s/schody_amperinio_(99).jpg]
[www.sobczak.com.pl/img/realizacje/samonosne/11s/thumbnails/schody_amperinio_(99).jpg]
[www.sobczak.com.pl/galeria/schody-samonosne/11s.html]
[www.sobczak.com.pl/img/realizacje/samonosne/12s/foto._052.jpg]
[www.sobczak.com.pl/img/realizacje/samonosne/12s/thumbnails/foto._052.jpg]
[www.sobczak.com.pl/img/realizacje/samonosne/12s/foto._054.jpg]
[www.sobczak.com.pl/img/realizacje/samonosne/12s/thumbnails/foto._054.jpg]
[www.sobczak.com.pl/img/realizacje/samonosne/12s/foto._061.jpg]
[www.sobczak.com.pl/img/realizacje/samonosne/12s/thumbnails/foto._061.jpg]
[www.sobczak.com.pl/img/realizacje/samonosne/12s/foto._069.jpg]
[www.sobczak.com.pl/img/realizacje/samonosne/12s/thumbnails/foto._069.jpg]
[www.sobczak.com.pl/img/realizacje/samonosne/12s/foto._072.jpg]
[www.sobczak.com.pl/img/realizacje/samonosne/12s/thumbnails/foto._072.jpg]
[www.sobczak.com.pl/galeria/schody-samonosne/12s.html]
[www.sobczak.com.pl/img/realizacje/samonosne/13s/20.jpg]
[www.sobczak.com.pl/img/realizacje/samonosne/13s/thumbnails/20.jpg]
[www.sobczak.com.pl/img/realizacje/samonosne/13s/2007.jpg]
[www.sobczak.com.pl/img/realizacje/samonosne/13s/thumbnails/2007.jpg]
[www.sobczak.com.pl/img/realizacje/samonosne/13s/20070.jpg]
[www.sobczak.com.pl/img/realizacje/samonosne/13s/thumbnails/20070.jpg]
[www.sobczak.com.pl/img/realizacje/samonosne/13s/200706.jpg]
[www.sobczak.com.pl/img/realizacje/samonosne/13s/thumbnails/200706.jpg]
[www.sobczak.com.pl/img/realizacje/samonosne/13s/200707.jpg]
[www.sobczak.com.pl/img/realizacje/samonosne/13s/thumbnails/200707.jpg]
[www.sobczak.com.pl/img/realizacje/samonosne/13s/2007110.jpg]
[www.sobczak.com.pl/galeria/schody-samonosne/13s.html]
[www.sobczak.com.pl/img/realizacje/samonosne/13s/thumbnails/2007110.jpg]
[www.sobczak.com.pl/img/realizacje/samonosne/14s/img_0348.jpg]
[www.sobczak.com.pl/img/realizacje/samonosne/14s/thumbnails/img_0348.jpg]
[www.sobczak.com.pl/img/realizacje/samonosne/14s/img_0350.jpg]
[www.sobczak.com.pl/img/realizacje/samonosne/14s/thumbnails/img_0350.jpg]
[www.sobczak.com.pl/img/realizacje/samonosne/14s/img_0352.jpg]
[www.sobczak.com.pl/img/realizacje/samonosne/14s/thumbnails/img_0352.jpg]
[www.sobczak.com.pl/img/realizacje/samonosne/14s/img_0359.jpg]
[www.sobczak.com.pl/img/realizacje/samonosne/14s/thumbnails/img_0359.jpg]
[www.sobczak.com.pl/img/realizacje/samonosne/14s/img_0362.jpg]
[www.sobczak.com.pl/img/realizacje/samonosne/14s/thumbnails/img_0362.jpg]
[www.sobczak.com.pl/img/realizacje/samonosne/14s/img_0364.jpg]
[www.sobczak.com.pl/img/realizacje/samonosne/14s/thumbnails/img_0364.jpg]
[www.sobczak.com.pl/img/realizacje/samonosne/14s/img_0366.jpg]
[www.sobczak.com.pl/img/realizacje/samonosne/14s/thumbnails/img_0366.jpg]
[www.sobczak.com.pl/img/realizacje/samonosne/14s/img_0367.jpg]
[www.sobczak.com.pl/img/realizacje/samonosne/14s/thumbnails/img_0367.jpg]
[www.sobczak.com.pl/img/realizacje/samonosne/14s/img_0369.jpg]
[www.sobczak.com.pl/img/realizacje/samonosne/14s/thumbnails/img_0369.jpg]
[www.sobczak.com.pl/img/realizacje/samonosne/14s/img_0375.jpg]
[www.sobczak.com.pl/img/realizacje/samonosne/14s/thumbnails/img_0375.jpg]
[www.sobczak.com.pl/galeria/schody-samonosne/14s.html]
[www.sobczak.com.pl/img/realizacje/samonosne/15s/01.jpg]
[www.sobczak.com.pl/img/realizacje/samonosne/15s/thumbnails/01.jpg]
[www.sobczak.com.pl/img/realizacje/samonosne/15s/02.jpg]
[www.sobczak.com.pl/img/realizacje/samonosne/15s/thumbnails/02.jpg]
[www.sobczak.com.pl/img/realizacje/samonosne/15s/03.jpg]
[www.sobczak.com.pl/img/realizacje/samonosne/15s/thumbnails/03.jpg]
[www.sobczak.com.pl/img/realizacje/samonosne/15s/04.jpg]
[www.sobczak.com.pl/img/realizacje/samonosne/15s/thumbnails/04.jpg]
[www.sobczak.com.pl/img/realizacje/samonosne/15s/05.jpg]
[www.sobczak.com.pl/img/realizacje/samonosne/15s/thumbnails/05.jpg]
[www.sobczak.com.pl/img/realizacje/samonosne/15s/06.jpg]
[www.sobczak.com.pl/img/realizacje/samonosne/15s/thumbnails/06.jpg]
[www.sobczak.com.pl/img/realizacje/samonosne/15s/07.jpg]
[www.sobczak.com.pl/img/realizacje/samonosne/15s/thumbnails/07.jpg]
[www.sobczak.com.pl/img/realizacje/samonosne/15s/13.jpg]
[www.sobczak.com.pl/img/realizacje/samonosne/15s/thumbnails/13.jpg]
[www.sobczak.com.pl/img/realizacje/samonosne/15s/14.jpg]
[www.sobczak.com.pl/img/realizacje/samonosne/15s/thumbnails/14.jpg]
[www.sobczak.com.pl/img/realizacje/samonosne/15s/15.jpg]
[www.sobczak.com.pl/img/realizacje/samonosne/15s/thumbnails/15.jpg]
[www.sobczak.com.pl/img/realizacje/samonosne/15s/16.jpg]
[www.sobczak.com.pl/img/realizacje/samonosne/15s/thumbnails/16.jpg]
[www.sobczak.com.pl/img/realizacje/samonosne/15s/17.jpg]
[www.sobczak.com.pl/img/realizacje/samonosne/15s/thumbnails/17.jpg]
[www.sobczak.com.pl/galeria/schody-samonosne/15s.html]
[www.sobczak.com.pl/img/realizacje/samonosne/16s/IMG_6985.jpg]
[www.sobczak.com.pl/img/realizacje/samonosne/16s/thumbnails/IMG_6985.jpg]
[www.sobczak.com.pl/img/realizacje/samonosne/16s/IMG_6986.jpg]
[www.sobczak.com.pl/img/realizacje/samonosne/16s/thumbnails/IMG_6986.jpg]
[www.sobczak.com.pl/img/realizacje/samonosne/16s/IMG_6991.jpg]
[www.sobczak.com.pl/img/realizacje/samonosne/16s/thumbnails/IMG_6991.jpg]
[www.sobczak.com.pl/img/realizacje/samonosne/16s/IMG_6992.jpg]
[www.sobczak.com.pl/img/realizacje/samonosne/16s/thumbnails/IMG_6992.jpg]
[www.sobczak.com.pl/img/realizacje/samonosne/16s/IMG_6993.jpg]
[www.sobczak.com.pl/img/realizacje/samonosne/16s/thumbnails/IMG_6993.jpg]
[www.sobczak.com.pl/img/realizacje/samonosne/16s/IMG_6994.jpg]
[www.sobczak.com.pl/img/realizacje/samonosne/16s/thumbnails/IMG_6994.jpg]
[www.sobczak.com.pl/img/realizacje/samonosne/16s/IMG_6996.jpg]
[www.sobczak.com.pl/img/realizacje/samonosne/16s/thumbnails/IMG_6996.jpg]
[www.sobczak.com.pl/img/realizacje/samonosne/16s/IMG_7001.jpg]
[www.sobczak.com.pl/img/realizacje/samonosne/16s/thumbnails/IMG_7001.jpg]
[www.sobczak.com.pl/img/realizacje/samonosne/16s/IMG_7002.jpg]
[www.sobczak.com.pl/img/realizacje/samonosne/16s/thumbnails/IMG_7002.jpg]
[www.sobczak.com.pl/img/realizacje/samonosne/16s/IMG_7003.jpg]
[www.sobczak.com.pl/img/realizacje/samonosne/16s/thumbnails/IMG_7003.jpg]
[www.sobczak.com.pl/img/realizacje/samonosne/16s/IMG_7004.jpg]
[www.sobczak.com.pl/img/realizacje/samonosne/16s/thumbnails/IMG_7004.jpg]
[www.sobczak.com.pl/img/realizacje/samonosne/16s/IMG_7005.jpg]
[www.sobczak.com.pl/img/realizacje/samonosne/16s/thumbnails/IMG_7005.jpg]
[www.sobczak.com.pl/img/realizacje/samonosne/16s/IMG_7006.jpg]
[www.sobczak.com.pl/img/realizacje/samonosne/16s/thumbnails/IMG_7006.jpg]
[www.sobczak.com.pl/img/realizacje/samonosne/16s/IMG_7007.jpg]
[www.sobczak.com.pl/img/realizacje/samonosne/16s/thumbnails/IMG_7007.jpg]
[www.sobczak.com.pl/img/realizacje/samonosne/16s/IMG_7008.jpg]
[www.sobczak.com.pl/img/realizacje/samonosne/16s/thumbnails/IMG_7008.jpg]
[www.sobczak.com.pl/img/realizacje/samonosne/16s/IMG_7009.jpg]
[www.sobczak.com.pl/galeria/schody-samonosne/16s.html]
[www.sobczak.com.pl/img/realizacje/samonosne/16s/thumbnails/IMG_7009.jpg]
